Component: ARM Compiler 5.06 update 4 (build 422) Tool: armlink [4d35d2]

==============================================================================

Section Cross References

    main.o(i.DebugMain) refers to debug.o(i.NBCMDWriteToFlash) for NBCMDWriteToFlash
    main.o(i.GpioBoardMain) refers to gpio_board.o(i.GpioBoard) for GpioBoard
    main.o(i.HandleDataConfirmUp) refers to debug.o(i.sendDataToPC) for sendDataToPC
    main.o(i.HandleDataConfirmUp) refers to main.o(.data) for pktLen
    main.o(i.PrepareTxFrame) refers to main.o(.data) for pktLen
    main.o(i.PrepareTxFrame) refers to main.o(.bss) for AppData
    main.o(i.SendFrame) refers to loramac_qh.o(i.Send) for Send
    main.o(i.SendFrame) refers to main.o(.data) for pktLen
    main.o(i.SendFrame) refers to main.o(.bss) for AppData
    main.o(i.main) refers to board.o(i.BoardInitMcu) for BoardInitMcu
    main.o(i.main) refers to board.o(i.BoardInitPeriph) for BoardInitPeriph
    main.o(i.main) refers to loramac_qh.o(i.LoRaMacInitialization) for LoRaMacInitialization
    main.o(i.main) refers to timer.o(i.TimerStart) for TimerStart
    main.o(i.main) refers to timer.o(i.processTimer) for processTimer
    main.o(i.main) refers to main.o(i.prepareCMDToRelay) for prepareCMDToRelay
    main.o(i.prepareCMDToRelay) refers to csma.o(i.CSMAStart) for CSMAStart
    main.o(i.prepareCMDToRelay) refers to main.o(i.DebugMain) for DebugMain
    main.o(i.sendCMDToRelay) refers to main.o(i.GpioBoardMain) for GpioBoardMain
    main.o(i.sendCMDToRelay) refers to main.o(i.PrepareTxFrame) for PrepareTxFrame
    main.o(i.sendCMDToRelay) refers to main.o(i.SendFrame) for SendFrame
    board.o(i.BoardInitMcu) refers to _printf_percent.o(.ARM.Collect$$_printf_percent$$00000000) for _printf_percent
    board.o(i.BoardInitMcu) refers to _printf_d.o(.ARM.Collect$$_printf_percent$$00000009) for _printf_d
    board.o(i.BoardInitMcu) refers to _printf_dec.o(.text) for _printf_int_dec
    board.o(i.BoardInitMcu) refers to system_mkl16z4.o(i.SystemInit) for SystemInit
    board.o(i.BoardInitMcu) refers to system_mkl16z4.o(i.SystemCoreClockUpdate) for SystemCoreClockUpdate
    board.o(i.BoardInitMcu) refers to aeabi_sdiv.o(.text) for __aeabi_uidivmod
    board.o(i.BoardInitMcu) refers to board.o(i.NVIC_SetPriority) for NVIC_SetPriority
    board.o(i.BoardInitMcu) refers to uart.o(i.UART_Init) for UART_Init
    board.o(i.BoardInitMcu) refers to uart.o(i.UART_RegBuffer) for UART_RegBuffer
    board.o(i.BoardInitMcu) refers to uart.o(i.UART_Open) for UART_Open
    board.o(i.BoardInitMcu) refers to uart.o(i.UART_SetRxIrq) for UART_SetRxIrq
    board.o(i.BoardInitMcu) refers to noretval__2printf.o(.text) for __2printf
    board.o(i.BoardInitMcu) refers to spi_gpio.o(i.SPI_Init) for SPI_Init
    board.o(i.BoardInitMcu) refers to i2c.o(i.i2c_init) for i2c_init
    board.o(i.BoardInitMcu) refers to system_mkl16z4.o(.data) for SystemCoreClock
    board.o(i.BoardInitMcu) refers to board.o(.bss) for uartBuffTest
    board.o(i.BoardInitPeriph) refers to gpio.o(i.GPIO_SetPinIsInput) for GPIO_SetPinIsInput
    board.o(i.BoardInitPeriph) refers to gpio.o(i.GPIO_SetPinIsOutput) for GPIO_SetPinIsOutput
    board.o(i.BoardInitPeriph) refers to timer.o(i.TimerStart) for TimerStart
    board.o(i.BoardInitPeriph) refers to board.o(i.SX1276IoInit) for SX1276IoInit
    board.o(i.BoardInitPeriph) refers to board.o(i.OnLedBoardInitPeriphEvent) for OnLedBoardInitPeriphEvent
    board.o(i.OnLedBoardInitPeriphEvent) refers to gpio.o(i.GPIO_PinHigh) for GPIO_PinHigh
    board.o(i.OnLedBoardInitPeriphEvent) refers to gpio.o(i.GPIO_PinToggle) for GPIO_PinToggle
    board.o(i.SX1276IoInit) refers to gpio.o(i.GPIO_SetPinIsOutput) for GPIO_SetPinIsOutput
    board.o(i.SX1276IoInit) refers to gpio.o(i.GPIO_SetPinIsInput) for GPIO_SetPinIsInput
    board.o(i.SX1276IoIrqInit) refers to gpio.o(i.GPIO_SetPinIsInterrupt) for GPIO_SetPinIsInterrupt
    buff.o(i.bufDecreDat) refers to buff.o(i.bufNumEle) for bufNumEle
    buff.o(i.deQueueCmd) refers to buff.o(i.bufDecreDat) for bufDecreDat
    buff.o(i.enQueueCmd) refers to buff.o(i.bufAddDat) for bufAddDat
    csma.o(i.AddCSMAToBuff) refers to csma.o(.bss) for g_pCSMAHandle
    csma.o(i.CSMACancel) refers to csma.o(.bss) for g_pCSMAHandle
    csma.o(i.CSMACycle) refers to csma.o(i.CSMAExecute) for CSMAExecute
    csma.o(i.CSMACycle) refers to csma.o(.data) for timeExpired
    csma.o(i.CSMAExecute) refers to csma.o(i.CSMACancel) for CSMACancel
    csma.o(i.CSMAExecute) refers to csma.o(i.Execute) for Execute
    csma.o(i.CSMAExecute) refers to csma.o(.bss) for g_pCSMAHandle
    csma.o(i.CSMAExecute) refers to csma.o(.data) for timeExpired
    csma.o(i.CSMAStart) refers to csma.o(i.AddCSMAToBuff) for AddCSMAToBuff
    csma.o(i.CSMAStart) refers to csma.o(i.CSMAExecute) for CSMAExecute
    csma.o(i.CSMAStart) refers to csma.o(.data) for timeExpired
[...]
    ../clib/signal.c                         0x00000000   Number         0  defsig_fpe_outer.o ABSOLUTE
    ../clib/signal.c                         0x00000000   Number         0  defsig_rtred_inner.o ABSOLUTE
    ../clib/signal.c                         0x00000000   Number         0  defsig_stak_inner.o ABSOLUTE
    ../clib/signal.c                         0x00000000   Number         0  defsig_pvfn_inner.o ABSOLUTE
    ../clib/signal.c                         0x00000000   Number         0  defsig_cppl_inner.o ABSOLUTE
    ../clib/signal.c                         0x00000000   Number         0  defsig_segv_inner.o ABSOLUTE
    ../clib/signal.c                         0x00000000   Number         0  defsig_fpe_formal.o ABSOLUTE
    ../clib/signal.c                         0x00000000   Number         0  defsig_other.o ABSOLUTE
    ../clib/signal.c                         0x00000000   Number         0  defsig_exit.o ABSOLUTE
    ../clib/signal.c                         0x00000000   Number         0  defsig_fpe_inner.o ABSOLUTE
    ../clib/signal.c                         0x00000000   Number         0  defsig_rtmem_outer.o ABSOLUTE
    ../clib/signal.c                         0x00000000   Number         0  defsig_rtmem_formal.o ABSOLUTE
    ../clib/signal.c                         0x00000000   Number         0  __raise.o ABSOLUTE
    ../clib/signal.c                         0x00000000   Number         0  defsig_general.o ABSOLUTE
    ../clib/signal.c                         0x00000000   Number         0  defsig_rtmem_inner.o ABSOLUTE
    ../clib/signal.c                         0x00000000   Number         0  defsig_abrt_inner.o ABSOLUTE
    ../clib/signal.s                         0x00000000   Number         0  defsig.o ABSOLUTE
    ../clib/stdio.c                          0x00000000   Number         0  ferror_locked.o ABSOLUTE
    ../clib/stdio.c                          0x00000000   Number         0  ferror.o ABSOLUTE
    ../clib/stdlib.c                         0x00000000   Number         0  exit.o ABSOLUTE
    ../clib/stdlib.c                         0x00000000   Number         0  rand.o ABSOLUTE
    ../clib/stdlib.c                         0x00000000   Number         0  rand.o ABSOLUTE
    ../fplib/cfplib/daddsub.c                0x00000000   Number         0  daddsub.o ABSOLUTE
    ../fplib/cfplib/ddiv.c                   0x00000000   Number         0  ddiv.o ABSOLUTE
    ../fplib/cfplib/dmul.c                   0x00000000   Number         0  dmul.o ABSOLUTE
    ../fplib/cfplib/ffix.c                   0x00000000   Number         0  dfixui.o ABSOLUTE
    ../fplib/cfplib/fflt.c                   0x00000000   Number         0  dflti.o ABSOLUTE
    ../fplib/cfplib/fpinit.c                 0x00000000   Number         0  fpinit.o ABSOLUTE
    ../fplib/usenofp.s                       0x00000000   Number         0  usenofp.o ABSOLUTE
    ..\Apps\main.c                           0x00000000   Number         0  main.o ABSOLUTE
    ..\Boards\Device\board.c                 0x00000000   Number         0  board.o ABSOLUTE
    ..\Boards\MCU\buff.c                     0x00000000   Number         0  buff.o ABSOLUTE
    ..\Boards\MCU\csma.c                     0x00000000   Number         0  csma.o ABSOLUTE
    ..\Boards\MCU\utilities.c                0x00000000   Number         0  utilities.o ABSOLUTE
    ..\Debug\debug.c                         0x00000000   Number         0  debug.o ABSOLUTE
    ..\Mac\LoRaMacCrypto.c                   0x00000000   Number         0  loramaccrypto.o ABSOLUTE
    ..\Mac\LoRaMac_QH.c                      0x00000000   Number         0  loramac_qh.o ABSOLUTE
    ..\Peripherals\gpio_board.c              0x00000000   Number         0  gpio_board.o ABSOLUTE
    ..\Peripherals\mkl_si7020.c              0x00000000   Number         0  mkl_si7020.o ABSOLUTE
    ..\Peripherals\opt3001.c                 0x00000000   Number         0  opt3001.o ABSOLUTE
    ..\Radio\sx1276_QH.c                     0x00000000   Number         0  sx1276_qh.o ABSOLUTE
    ..\System\crypto\aes.c                   0x00000000   Number         0  aes.o ABSOLUTE
    ..\System\crypto\cmac.c                  0x00000000   Number         0  cmac.o ABSOLUTE
    ..\System\driver_common.c                0x00000000   Number         0  driver_common.o ABSOLUTE
    ..\System\flash.c                        0x00000000   Number         0  flash.o ABSOLUTE
    ..\System\gpio.c                         0x00000000   Number         0  gpio.o ABSOLUTE
    ..\System\i2c.c                          0x00000000   Number         0  i2c.o ABSOLUTE
    ..\System\spi_gpio.c                     0x00000000   Number         0  spi_gpio.o ABSOLUTE
    ..\System\timer.c                        0x00000000   Number         0  timer.o ABSOLUTE
    ..\System\uart.c                         0x00000000   Number         0  uart.o ABSOLUTE
    ..\\Apps\\main.c                         0x00000000   Number         0  main.o ABSOLUTE
    ..\\Boards\\Device\\board.c              0x00000000   Number         0  board.o ABSOLUTE
    ..\\Boards\\MCU\\csma.c                  0x00000000   Number         0  csma.o ABSOLUTE
    ..\\Boards\\MCU\\utilities.c             0x00000000   Number         0  utilities.o ABSOLUTE
    ..\\Debug\\debug.c                       0x00000000   Number         0  debug.o ABSOLUTE
    ..\\Mac\\LoRaMac_QH.c                    0x00000000   Number         0  loramac_qh.o ABSOLUTE
    ..\\Radio\\sx1276_QH.c                   0x00000000   Number         0  sx1276_qh.o ABSOLUTE
    ..\\System\\driver_common.c              0x00000000   Number         0  driver_common.o ABSOLUTE
    ..\\System\\flash.c                      0x00000000   Number         0  flash.o ABSOLUTE
    ..\\System\\gpio.c                       0x00000000   Number         0  gpio.o ABSOLUTE
    ..\\System\\i2c.c                        0x00000000   Number         0  i2c.o ABSOLUTE
    ..\\System\\spi_gpio.c                   0x00000000   Number         0  spi_gpio.o ABSOLUTE
    ..\\System\\timer.c                      0x00000000   Number         0  timer.o ABSOLUTE
    ..\\System\\uart.c                       0x00000000   Number         0  uart.o ABSOLUTE
    RTE\Device\MKL16Z32xxx4\startup_MKL16Z4.s 0x00000000   Number         0  startup_mkl16z4.o ABSOLUTE
    RTE\Device\MKL16Z32xxx4\system_MKL16Z4.c 0x00000000   Number         0  system_mkl16z4.o ABSOLUTE
    RTE\\Device\\MKL16Z32xxx4\\system_MKL16Z4.c 0x00000000   Number         0  system_mkl16z4.o ABSOLUTE
    dc.s                                     0x00000000   Number         0  dc.o ABSOLUTE
    !!!main                                  0x000000c0   Section        8  __main.o(!!!main)
    !!!scatter                               0x000000c8   Section       60  __scatter.o(!!!scatter)
    !!handler_copy                           0x00000104   Section       26  __scatter_copy.o(!!handler_copy)
    !!handler_zi                             0x00000120   Section       28  __scatter_zi.o(!!handler_zi)
    .ARM.Collect$$_printf_percent$$00000000  0x0000013c   Section        2  _printf_percent.o(.ARM.Collect$$_printf_percent$$00000000)
    .ARM.Collect$$_printf_percent$$00000009  0x0000013e   Section       10  _printf_d.o(.ARM.Collect$$_printf_percent$$00000009)
    .ARM.Collect$$_printf_percent$$00000017  0x00000148   Section        4  _printf_percent_end.o(.ARM.Collect$$_printf_percent$$00000017)
    .ARM.Collect$$libinit$$00000000          0x0000014c   Section        2  libinit.o(.ARM.Collect$$libinit$$00000000)
    .ARM.Collect$$libinit$$00000002          0x0000014e   Section        0  libinit2.o(.ARM.Collect$$libinit$$00000002)
    .ARM.Collect$$libinit$$00000004          0x0000014e   Section        0  libinit2.o(.ARM.Collect$$libinit$$00000004)
    .ARM.Collect$$libinit$$0000000A          0x0000014e   Section        0  libinit2.o(.ARM.Collect$$libinit$$0000000A)
    .ARM.Collect$$libinit$$0000000C          0x0000014e   Section        0  libinit2.o(.ARM.Collect$$libinit$$0000000C)
    .ARM.Collect$$libinit$$0000000D          0x0000014e   Section        4  libinit2.o(.ARM.Collect$$libinit$$0000000D)
    .ARM.Collect$$libinit$$0000000E          0x00000152   Section        0  libinit2.o(.ARM.Collect$$libinit$$0000000E)
    .ARM.Collect$$libinit$$00000011          0x00000152   Section        0  libinit2.o(.ARM.Collect$$libinit$$00000011)
    .ARM.Collect$$libinit$$00000013          0x00000152   Section        0  libinit2.o(.ARM.Collect$$libinit$$00000013)
    .ARM.Collect$$libinit$$00000015          0x00000152   Section        0  libinit2.o(.ARM.Collect$$libinit$$00000015)
    .ARM.Collect$$libinit$$00000017          0x00000152   Section        0  libinit2.o(.ARM.Collect$$libinit$$00000017)
    .ARM.Collect$$libinit$$00000019          0x00000152   Section        0  libinit2.o(.ARM.Collect$$libinit$$00000019)
    .ARM.Collect$$libinit$$0000001B          0x00000152   Section        0  libinit2.o(.ARM.Collect$$libinit$$0000001B)
    .ARM.Collect$$libinit$$0000001D          0x00000152   Section        0  libinit2.o(.ARM.Collect$$libinit$$0000001D)
    .ARM.Collect$$libinit$$0000001F          0x00000152   Section        0  libinit2.o(.ARM.Collect$$libinit$$0000001F)
    .ARM.Collect$$libinit$$00000021          0x00000152   Section        0  libinit2.o(.ARM.Collect$$libinit$$00000021)
    .ARM.Collect$$libinit$$00000023          0x00000152   Section        0  libinit2.o(.ARM.Collect$$libinit$$00000023)
    .ARM.Collect$$libinit$$00000025          0x00000152   Section        0  libinit2.o(.ARM.Collect$$libinit$$00000025)
    .ARM.Collect$$libinit$$0000002C          0x00000152   Section        0  libinit2.o(.ARM.Collect$$libinit$$0000002C)
    .ARM.Collect$$libinit$$0000002E          0x00000152   Section        0  libinit2.o(.ARM.Collect$$libinit$$0000002E)
    .ARM.Collect$$libinit$$00000030          0x00000152   Section        0  libinit2.o(.ARM.Collect$$libinit$$00000030)
    .ARM.Collect$$libinit$$00000032          0x00000152   Section        0  libinit2.o(.ARM.Collect$$libinit$$00000032)
    .ARM.Collect$$libinit$$00000033          0x00000152   Section        2  libinit2.o(.ARM.Collect$$libinit$$00000033)
    .ARM.Collect$$libshutdown$$00000000      0x00000154   Section        2  libshutdown.o(.ARM.Collect$$libshutdown$$00000000)
    .ARM.Collect$$libshutdown$$00000002      0x00000156   Section        0  libshutdown2.o(.ARM.Collect$$libshutdown$$00000002)
    .ARM.Collect$$libshutdown$$00000004      0x00000156   Section        0  libshutdown2.o(.ARM.Collect$$libshutdown$$00000004)
    .ARM.Collect$$libshutdown$$00000007      0x00000156   Section        0  libshutdown2.o(.ARM.Collect$$libshutdown$$00000007)
    .ARM.Collect$$libshutdown$$0000000A      0x00000156   Section        0  libshutdown2.o(.ARM.Collect$$libshutdown$$0000000A)
    .ARM.Collect$$libshutdown$$0000000C      0x00000156   Section        0  libshutdown2.o(.ARM.Collect$$libshutdown$$0000000C)
    .ARM.Collect$$libshutdown$$0000000F      0x00000156   Section        0  libshutdown2.o(.ARM.Collect$$libshutdown$$0000000F)
    .ARM.Collect$$libshutdown$$00000010      0x00000156   Section        2  libshutdown2.o(.ARM.Collect$$libshutdown$$00000010)
    .ARM.Collect$$rtentry$$00000000          0x00000158   Section        0  __rtentry.o(.ARM.Collect$$rtentry$$00000000)
    .ARM.Collect$$rtentry$$00000002          0x00000158   Section        0  __rtentry2.o(.ARM.Collect$$rtentry$$00000002)
    .ARM.Collect$$rtentry$$00000004          0x00000158   Section        6  __rtentry4.o(.ARM.Collect$$rtentry$$00000004)
    .ARM.Collect$$rtentry$$00000009          0x0000015e   Section        0  __rtentry2.o(.ARM.Collect$$rtentry$$00000009)
    .ARM.Collect$$rtentry$$0000000A          0x0000015e   Section        4  __rtentry2.o(.ARM.Collect$$rtentry$$0000000A)
    .ARM.Collect$$rtentry$$0000000C          0x00000162   Section        0  __rtentry2.o(.ARM.Collect$$rtentry$$0000000C)
    .ARM.Collect$$rtentry$$0000000D          0x00000162   Section        8  __rtentry2.o(.ARM.Collect$$rtentry$$0000000D)
    .ARM.Collect$$rtexit$$00000000           0x0000016a   Section        2  rtexit.o(.ARM.Collect$$rtexit$$00000000)
    .ARM.Collect$$rtexit$$00000002           0x0000016c   Section        0  rtexit2.o(.ARM.Collect$$rtexit$$00000002)
    .ARM.Collect$$rtexit$$00000003           0x0000016c   Section        4  rtexit2.o(.ARM.Collect$$rtexit$$00000003)
    .ARM.Collect$$rtexit$$00000004           0x00000170   Section        6  rtexit2.o(.ARM.Collect$$rtexit$$00000004)
    .emb_text                                0x00000178   Section       56  rand.o(.emb_text)
    .text                                    0x000001b0   Section       52  startup_mkl16z4.o(.text)
    .text                                    0x000001e4   Section        0  noretval__2printf.o(.text)
    .text                                    0x00000200   Section        0  __printf.o(.text)
    .text                                    0x0000026c   Section        0  _printf_dec.o(.text)
    .text                                    0x000002d8   Section        0  rand.o(.text)
    .text                                    0x00000314   Section        0  rt_memclr.o(.text)
    .text                                    0x00000354   Section        0  heapauxi.o(.text)
    .text                                    0x0000035c   Section        0  dfixui.o(.text)
    .text                                    0x000003a4   Section        0  dflti.o(.text)
    .text                                    0x000003fc   Section        2  use_no_semi.o(.text)
    .text                                    0x000003fe   Section        0  indicate_semi.o(.text)
    i.PORTA_IRQHandler                       0x000003fe   Section        0  gpio.o(i.PORTA_IRQHandler)
    .ARM.__at_0x400                          0x00000400   Section       16  startup_mkl16z4.o(.ARM.__at_0x400)
    .text                                    0x00000410   Section      346  aeabi_sdiv.o(.text)
    .text                                    0x0000056c   Section        0  daddsub.o(.text)
    _dadd1                                   0x0000056d   Thumb Code   290  daddsub.o(.text)
    _dsub1                                   0x0000068f   Thumb Code   470  daddsub.o(.text)
    .text                                    0x000008c4   Section        0  ddiv.o(.text)
    .text                                    0x00000d0c   Section        0  dmul.o(.text)
    .text                                    0x00000f54   Section        0  _printf_intcommon.o(.text)
    .text                                    0x00001004   Section        0  _printf_char_file.o(.text)
    .text                                    0x0000102c   Section        0  rtudiv10.o(.text)
    .text                                    0x00001054   Section        0  _printf_char_common.o(.text)
    _printf_input_char                       0x00001055   Thumb Code    10  _printf_char_common.o(.text)
    .text                                    0x00001084   Section        0  ferror.o(.text)
    .text                                    0x0000108c   Section       62  sys_stackheap_outer.o(.text)
    .text                                    0x000010ca   Section        0  exit.o(.text)
    .text                                    0x000010dc   Section        8  libspace.o(.text)
    .text                                    0x000010e4   Section        0  sys_exit.o(.text)
    i.AddCSMAToBuff                          0x000010f0   Section        0  csma.o(i.AddCSMAToBuff)
    AddCSMAToBuff                            0x000010f1   Thumb Code    50  csma.o(i.AddCSMAToBuff)
    i.BoardInitMcu                           0x00001128   Section        0  board.o(i.BoardInitMcu)
    i.BoardInitPeriph                        0x000011d4   Section        0  board.o(i.BoardInitPeriph)
    i.CSMACancel                             0x0000122c   Section        0  csma.o(i.CSMACancel)
    CSMACancel                               0x0000122d   Thumb Code    44  csma.o(i.CSMACancel)
    i.CSMACycle                              0x0000125c   Section        0  csma.o(i.CSMACycle)
    CSMACycle                                0x0000125d   Thumb Code    16  csma.o(i.CSMACycle)
    i.CSMAExecute                            0x00001270   Section        0  csma.o(i.CSMAExecute)
    CSMAExecute                              0x00001271   Thumb Code    84  csma.o(i.CSMAExecute)
    i.CSMAStart                              0x000012d8   Section        0  csma.o(i.CSMAStart)
    i.CheckSend                              0x00001300   Section        0  csma.o(i.CheckSend)
    CheckSend                                0x00001301   Thumb Code    80  csma.o(i.CheckSend)
    i.DebugMain                              0x00001358   Section        0  main.o(i.DebugMain)
    i.Execute                                0x00001368   Section        0  csma.o(i.Execute)
    Execute                                  0x00001369   Thumb Code    34  csma.o(i.Execute)
    i.FLASH_EraseNPage                       0x0000139c   Section        0  flash.o(i.FLASH_EraseNPage)
    i.FLASH_Erasepage                        0x000013d0   Section        0  flash.o(i.FLASH_Erasepage)
    i.FLASH_ReadDword                        0x00001420   Section        0  flash.o(i.FLASH_ReadDword)
    i.FLASH_ReadNbyte                        0x00001426   Section        0  flash.o(i.FLASH_ReadNbyte)
    i.FLASH_Write4Byte                       0x00001464   Section        0  flash.o(i.FLASH_Write4Byte)
    i.FLASH_WriteDword                       0x000014cc   Section        0  flash.o(i.FLASH_WriteDword)
    i.FLASH_WriteNbyte                       0x000014f4   Section        0  flash.o(i.FLASH_WriteNbyte)
    i.GPIO_PinHigh                           0x00001538   Section        0  gpio.o(i.GPIO_PinHigh)
    i.GPIO_PinLow                            0x00001570   Section        0  gpio.o(i.GPIO_PinLow)
    i.GPIO_PinReadInput                      0x000015a8   Section        0  gpio.o(i.GPIO_PinReadInput)
    i.GPIO_PinToggle                         0x000015d0   Section        0  gpio.o(i.GPIO_PinToggle)
    i.GPIO_SetPinIsInput                     0x00001608   Section        0  gpio.o(i.GPIO_SetPinIsInput)
    i.GPIO_SetPinIsInterrupt                 0x000016c4   Section        0  gpio.o(i.GPIO_SetPinIsInterrupt)
    i.GPIO_SetPinIsOutput                    0x00001750   Section        0  gpio.o(i.GPIO_SetPinIsOutput)
    i.GetMilSecTick                          0x000017bc   Section        0  timer.o(i.GetMilSecTick)
    i.GpioBoard                              0x000017c8   Section        0  gpio_board.o(i.GpioBoard)
    i.GpioBoardMain                          0x000017fa   Section        0  main.o(i.GpioBoardMain)
    i.HandleDataConfirmUp                    0x0000180c   Section        0  main.o(i.HandleDataConfirmUp)
    i.LoRaMacInitialization                  0x00001890   Section        0  loramac_qh.o(i.LoRaMacInitialization)
    i.NBCMDWriteToFlash                      0x000018a8   Section        0  debug.o(i.NBCMDWriteToFlash)
    i.NVIC_EnableIRQ                         0x000018f8   Section        0  gpio.o(i.NVIC_EnableIRQ)
    NVIC_EnableIRQ                           0x000018f9   Thumb Code    18  gpio.o(i.NVIC_EnableIRQ)
    i.NVIC_SetPriority                       0x00001910   Section        0  board.o(i.NVIC_SetPriority)
    NVIC_SetPriority                         0x00001911   Thumb Code   110  board.o(i.NVIC_SetPriority)
    i.OnLedBoardInitPeriphEvent              0x00001988   Section        0  board.o(i.OnLedBoardInitPeriphEvent)
    i.OnRadioRxDone                          0x000019a4   Section        0  loramac_qh.o(i.OnRadioRxDone)
    i.OnRadioTxDone                          0x000019fc   Section        0  loramac_qh.o(i.OnRadioTxDone)
    i.PORTC_PORTD_IRQHandler                 0x00001a10   Section        0  gpio.o(i.PORTC_PORTD_IRQHandler)
    i.PrepareFrame                           0x00001a34   Section        0  loramac_qh.o(i.PrepareFrame)
    PrepareFrame                             0x00001a35   Thumb Code   392  loramac_qh.o(i.PrepareFrame)
    i.PrepareTxFrame                         0x00001bc8   Section        0  main.o(i.PrepareTxFrame)
    PrepareTxFrame                           0x00001bc9   Thumb Code   226  main.o(i.PrepareTxFrame)
    i.ReadNbCMDFromFlash                     0x00001cc0   Section        0  debug.o(i.ReadNbCMDFromFlash)
    ReadNbCMDFromFlash                       0x00001cc1   Thumb Code   110  debug.o(i.ReadNbCMDFromFlash)
    i.RxChainCalibration                     0x00001d34   Section        0  sx1276_qh.o(i.RxChainCalibration)
    RxChainCalibration                       0x00001d35   Thumb Code   174  sx1276_qh.o(i.RxChainCalibration)
    i.RxWindowSetup                          0x00001dec   Section        0  loramac_qh.o(i.RxWindowSetup)
    RxWindowSetup                            0x00001ded   Thumb Code    66  loramac_qh.o(i.RxWindowSetup)
    i.SPI_Init                               0x00001e34   Section        0  spi_gpio.o(i.SPI_Init)
    i.SPI_RW                                 0x00001e5c   Section        0  spi_gpio.o(i.SPI_RW)
    i.SPI_Read                               0x00001ebc   Section        0  spi_gpio.o(i.SPI_Read)
    i.SPI_Read_Buf                           0x00001ee4   Section        0  spi_gpio.o(i.SPI_Read_Buf)
    i.SPI_Write                              0x00001f02   Section        0  spi_gpio.o(i.SPI_Write)
    i.SPI_Write_Buf                          0x00001f2e   Section        0  spi_gpio.o(i.SPI_Write_Buf)
    i.SX1276GetPaSelect                      0x00001f4c   Section        0  board.o(i.SX1276GetPaSelect)
    i.SX1276Init                             0x00001f60   Section        0  sx1276_qh.o(i.SX1276Init)
    i.SX1276IoInit                           0x00001f78   Section        0  board.o(i.SX1276IoInit)
    SX1276IoInit                             0x00001f79   Thumb Code    20  board.o(i.SX1276IoInit)
    i.SX1276IoIrqInit                        0x00001f90   Section        0  board.o(i.SX1276IoIrqInit)
    i.SX1276OnDio0Irq                        0x00001fa0   Section        0  sx1276_qh.o(i.SX1276OnDio0Irq)
    i.SX1276Random                           0x000020dc   Section        0  sx1276_qh.o(i.SX1276Random)
    i.SX1276Read                             0x0000211a   Section        0  sx1276_qh.o(i.SX1276Read)
    i.SX1276ReadBuffer                       0x0000212e   Section        0  sx1276_qh.o(i.SX1276ReadBuffer)
    i.SX1276ReadFifo                         0x00002142   Section        0  sx1276_qh.o(i.SX1276ReadFifo)
    i.SX1276Reset                            0x00002154   Section        0  sx1276_qh.o(i.SX1276Reset)
    i.SX1276Send                             0x00002174   Section        0  sx1276_qh.o(i.SX1276Send)
    i.SX1276SetChannel                       0x00002204   Section        0  sx1276_qh.o(i.SX1276SetChannel)
    i.SX1276SetMaxPayloadLength              0x0000224c   Section        0  sx1276_qh.o(i.SX1276SetMaxPayloadLength)
    i.SX1276SetModem                         0x00002260   Section        0  sx1276_qh.o(i.SX1276SetModem)
    i.SX1276SetOpMode                        0x000022a8   Section        0  sx1276_qh.o(i.SX1276SetOpMode)
    i.SX1276SetRx                            0x000022c4   Section        0  sx1276_qh.o(i.SX1276SetRx)
    i.SX1276SetRxConfig                      0x0000250c   Section        0  sx1276_qh.o(i.SX1276SetRxConfig)
    i.SX1276SetSleep                         0x000026cc   Section        0  sx1276_qh.o(i.SX1276SetSleep)
    i.SX1276SetStby                          0x000026e0   Section        0  sx1276_qh.o(i.SX1276SetStby)
    i.SX1276SetTx                            0x000026f4   Section        0  sx1276_qh.o(i.SX1276SetTx)
    i.SX1276SetTxConfig                      0x0000275c   Section        0  sx1276_qh.o(i.SX1276SetTxConfig)
    i.SX1276Write                            0x00002988   Section        0  sx1276_qh.o(i.SX1276Write)
    i.SX1276WriteBuffer                      0x00002998   Section        0  sx1276_qh.o(i.SX1276WriteBuffer)
    i.SX1276WriteFifo                        0x000029ac   Section        0  sx1276_qh.o(i.SX1276WriteFifo)
    i.Send                                   0x000029be   Section        0  loramac_qh.o(i.Send)
    i.SendFrame                              0x000029e8   Section        0  main.o(i.SendFrame)
    SendFrame                                0x000029e9   Thumb Code    16  main.o(i.SendFrame)
    i.SendFrameOnChannel                     0x00002a00   Section        0  loramac_qh.o(i.SendFrameOnChannel)
    SendFrameOnChannel                       0x00002a01   Thumb Code    62  loramac_qh.o(i.SendFrameOnChannel)
    i.SysTick_Handler                        0x00002a4c   Section        0  timer.o(i.SysTick_Handler)
    i.SystemCoreClockUpdate                  0x00002a74   Section        0  system_mkl16z4.o(i.SystemCoreClockUpdate)
    i.SystemInit                             0x00002bd0   Section        0  system_mkl16z4.o(i.SystemInit)
    i.TaskHandleDataConfirmUp                0x00002c3c   Section        0  loramac_qh.o(i.TaskHandleDataConfirmUp)
    TaskHandleDataConfirmUp                  0x00002c3d   Thumb Code   114  loramac_qh.o(i.TaskHandleDataConfirmUp)
    i.TaskHandleDataUnconFirmUp              0x00002cb8   Section        0  loramac_qh.o(i.TaskHandleDataUnconFirmUp)
    TaskHandleDataUnconFirmUp                0x00002cb9   Thumb Code    80  loramac_qh.o(i.TaskHandleDataUnconFirmUp)
    i.TaskHandleJoin_Req                     0x00002d0c   Section        0  loramac_qh.o(i.TaskHandleJoin_Req)
    TaskHandleJoin_Req                       0x00002d0d   Thumb Code   100  loramac_qh.o(i.TaskHandleJoin_Req)
    i.TaskHandleTxDone                       0x00002d74   Section        0  loramac_qh.o(i.TaskHandleTxDone)
    TaskHandleTxDone                         0x00002d75   Thumb Code    20  loramac_qh.o(i.TaskHandleTxDone)
    i.TimeExpired                            0x00002d8c   Section        0  timer.o(i.TimeExpired)
    TimeExpired                              0x00002d8d   Thumb Code   110  timer.o(i.TimeExpired)
    i.TimerStart                             0x00002e00   Section        0  timer.o(i.TimerStart)
    i.TypeOfDataNow                          0x00002e5c   Section        0  loramac_qh.o(i.TypeOfDataNow)
    i.UART0_IRQHandler                       0x00002e7c   Section        0  uart.o(i.UART0_IRQHandler)
    i.UART1_IRQHandler                       0x00002e88   Section        0  uart.o(i.UART1_IRQHandler)
    i.UART2_IRQHandler                       0x00002ee8   Section        0  uart.o(i.UART2_IRQHandler)
    i.UART_DRIVER_IRQHandler                 0x00002ef4   Section        0  uart.o(i.UART_DRIVER_IRQHandler)
    UART_DRIVER_IRQHandler                   0x00002ef5   Thumb Code    66  uart.o(i.UART_DRIVER_IRQHandler)
    i.UART_GetChar                           0x00002f40   Section        0  uart.o(i.UART_GetChar)
    i.UART_Init                              0x00002f80   Section        0  uart.o(i.UART_Init)
    i.UART_Open                              0x0000324c   Section        0  uart.o(i.UART_Open)
    i.UART_PutChar                           0x0000326c   Section        0  uart.o(i.UART_PutChar)
    i.UART_PutString                         0x000032d0   Section        0  uart.o(i.UART_PutString)
    i.UART_RegBuffer                         0x000032ec   Section        0  uart.o(i.UART_RegBuffer)
    i.UART_SetReciver                        0x00003324   Section        0  uart.o(i.UART_SetReciver)
    i.UART_SetRxIrq                          0x0000338c   Section        0  uart.o(i.UART_SetRxIrq)
    i.UART_SetTransmitter                    0x000033f4   Section        0  uart.o(i.UART_SetTransmitter)
    i.WriteToFlash                           0x0000345c   Section        0  debug.o(i.WriteToFlash)
    WriteToFlash                             0x0000345d   Thumb Code   152  debug.o(i.WriteToFlash)
    i.__ARM_common_switch8                   0x000034f4   Section        0  sx1276_qh.o(i.__ARM_common_switch8)
    i.bufAddDat                              0x00003510   Section        0  buff.o(i.bufAddDat)
    i.bufClear                               0x000035a0   Section        0  buff.o(i.bufClear)
    i.delay_ms                               0x000035bc   Section        0  driver_common.o(i.delay_ms)
    i.delay_us                               0x000035d8   Section        0  driver_common.o(i.delay_us)
    i.fputc                                  0x000035f4   Section        0  uart.o(i.fputc)
    i.i2c_init                               0x00003608   Section        0  i2c.o(i.i2c_init)
    i.main                                   0x000036c0   Section        0  main.o(i.main)
    i.memcpy1                                0x000036e8   Section        0  utilities.o(i.memcpy1)
    i.prepareCMDToRelay                      0x00003700   Section        0  main.o(i.prepareCMDToRelay)
    prepareCMDToRelay                        0x00003701   Thumb Code    24  main.o(i.prepareCMDToRelay)
    i.processTimer                           0x0000371c   Section        0  timer.o(i.processTimer)
    i.random_number                          0x000037a8   Section        0  utilities.o(i.random_number)
    i.resetNbCMDInFlash                      0x000037e8   Section        0  debug.o(i.resetNbCMDInFlash)
    i.sendCMDToRelay                         0x00003898   Section        0  main.o(i.sendCMDToRelay)
    i.sendDataToPC                           0x000038d0   Section        0  debug.o(i.sendDataToPC)
    i.sendNbCMDToPC                          0x00003a1c   Section        0  debug.o(i.sendNbCMDToPC)
    x$fpl$usenofp                            0x00003a2a   Section        0  usenofp.o(x$fpl$usenofp)
    .constdata                               0x00003a2c   Section      140  driver_common.o(.constdata)
    .constdata                               0x00003ab8   Section       32  i2c.o(.constdata)
    cmd_meas_humid                           0x00003ab8   Data           1  i2c.o(.constdata)
    cmd_meas_humid_no_hold                   0x00003ab9   Data           1  i2c.o(.constdata)
    cmd_meas_temp                            0x00003aba   Data           1  i2c.o(.constdata)
    cmd_meas_temp_no_hold                    0x00003abb   Data           1  i2c.o(.constdata)
    cmd_meas_prev_temp                       0x00003abc   Data           1  i2c.o(.constdata)
    cmd_rst                                  0x00003abd   Data           1  i2c.o(.constdata)
    cmd_write_user1                          0x00003abe   Data           1  i2c.o(.constdata)
    cmd_read_user1                           0x00003abf   Data           1  i2c.o(.constdata)
    cmd_id_1                                 0x00003ac0   Data           2  i2c.o(.constdata)
    cmd_id_2                                 0x00003ac2   Data           2  i2c.o(.constdata)
    cmd_fw_ver                               0x00003ac4   Data           2  i2c.o(.constdata)
    g_i2cArray                               0x00003ac8   Data          16  i2c.o(.constdata)
    .constdata                               0x00003ad8   Section       40  uart.o(.constdata)
    cmd_meas_humid                           0x00003ad8   Data           1  uart.o(.constdata)
    cmd_meas_humid_no_hold                   0x00003ad9   Data           1  uart.o(.constdata)
    cmd_meas_temp                            0x00003ada   Data           1  uart.o(.constdata)
    cmd_meas_temp_no_hold                    0x00003adb   Data           1  uart.o(.constdata)
    cmd_meas_prev_temp                       0x00003adc   Data           1  uart.o(.constdata)
    cmd_rst                                  0x00003add   Data           1  uart.o(.constdata)
    cmd_write_user1                          0x00003ade   Data           1  uart.o(.constdata)
    cmd_read_user1                           0x00003adf   Data           1  uart.o(.constdata)
    cmd_id_1                                 0x00003ae0   Data           2  uart.o(.constdata)
    cmd_id_2                                 0x00003ae2   Data           2  uart.o(.constdata)
    cmd_fw_ver                               0x00003ae4   Data           2  uart.o(.constdata)
    g_uartArray                              0x00003ae8   Data          24  uart.o(.constdata)
    .constdata                               0x00003b00   Section      128  ddiv.o(.constdata)
    ddiv_reciptbl                            0x00003b00   Data         128  ddiv.o(.constdata)
    .data                                    0x1ffffc00   Section        1  main.o(.data)
    pktLen                                   0x1ffffc00   Data           1  main.o(.data)
    .data                                    0x1ffffc04   Section       11  csma.o(.data)
    timeExpired                              0x1ffffc04   Data           1  csma.o(.data)
    g_AddrDev                                0x1ffffc08   Data           4  csma.o(.data)
    g_Relay                                  0x1ffffc0c   Data           1  csma.o(.data)
    g_Status                                 0x1ffffc0d   Data           1  csma.o(.data)
    resend                                   0x1ffffc0e   Data           1  csma.o(.data)
    .data                                    0x1ffffc10   Section        9  loramac_qh.o(.data)
    LoRaMacBufferPktLen                      0x1ffffc10   Data           2  loramac_qh.o(.data)
    LoRaMacDevAddr                           0x1ffffc14   Data           4  loramac_qh.o(.data)
    t_OfData                                 0x1ffffc18   Data           1  loramac_qh.o(.data)
    .data                                    0x1ffffc19   Section        2  gpio.o(.data)
    g_gpioIRQ                                0x1ffffc19   Data           2  gpio.o(.data)
    .data                                    0x1ffffc1b   Section        1  i2c.o(.data)
    i2cNumber                                0x1ffffc1b   Data           1  i2c.o(.data)
    .data                                    0x1ffffc1c   Section       12  timer.o(.data)
    g_wMilSecTickTimer                       0x1ffffc1c   Data           4  timer.o(.data)
    g_dwMilSecDelayTimer                     0x1ffffc20   Data           4  timer.o(.data)
    g_wMilSecTimer                           0x1ffffc24   Data           4  timer.o(.data)
    .data                                    0x1ffffc28   Section       12  uart.o(.data)
    g_uartIRQ                                0x1ffffc28   Data           3  uart.o(.data)
    .data                                    0x1ffffc34   Section        8  system_mkl16z4.o(.data)
    .bss                                     0x1ffffc3c   Section       64  main.o(.bss)
    AppData                                  0x1ffffc3c   Data          64  main.o(.bss)
    .bss                                     0x1ffffc7c   Section     1032  board.o(.bss)
    .bss                                     0x20000084   Section      128  csma.o(.bss)
    g_pCSMAHandle                            0x20000084   Data         128  csma.o(.bss)
    .bss                                     0x20000104   Section      255  loramac_qh.o(.bss)
    LoRaMacBuffer                            0x20000104   Data         255  loramac_qh.o(.bss)
    .bss                                     0x20000204   Section      300  sx1276_qh.o(.bss)
    RxTxBuffer                               0x20000230   Data         256  sx1276_qh.o(.bss)
    .bss                                     0x20000330   Section      320  timer.o(.bss)
    g_pTimerHandle                           0x20000330   Data         320  timer.o(.bss)
    .bss                                     0x20000470   Section       12  uart.o(.bss)
    g_pUartBuffer                            0x20000470   Data          12  uart.o(.bss)
    .bss                                     0x2000047c   Section      228  rand.o(.bss)
    .bss                                     0x20000560   Section       96  libspace.o(.bss)
    HEAP                                     0x200005c0   Section        0  startup_mkl16z4.o(HEAP)
    STACK                                    0x200005c0   Section      256  startup_mkl16z4.o(STACK)
    Heap_Mem                                 0x200005c0   Data           0  startup_mkl16z4.o(HEAP)
    Stack_Mem                                0x200005c0   Data         256  startup_mkl16z4.o(STACK)
    __initial_sp                             0x200006c0   Data           0  startup_mkl16z4.o(STACK)

    Global Symbols

    Symbol Name                              Value     Ov Type        Size  Object(Section)

    BuildAttributes$$THM_ISAv3M$S$PE$A:L22$X:L11$S22$IEEE1$IW$USESV6$~STKCKD$USESV7$~SHL$OSPACE$ROPI$EBA8$UX$STANDARDLIB$REQ8$PRES8$EABIv2 0x00000000   Number         0  anon$$obj.o ABSOLUTE
    __ARM_use_no_argv                        0x00000000   Number         0  main.o ABSOLUTE
    __Vectors                                0x00000000   Data           4  startup_mkl16z4.o(RESET)
    __ARM_exceptions_init                     - Undefined Weak Reference
    __alloca_initialize                       - Undefined Weak Reference
    __arm_preinit_                            - Undefined Weak Reference
    __cpp_initialize__aeabi_                  - Undefined Weak Reference
    __cxa_finalize                            - Undefined Weak Reference
    __rt_locale                               - Undefined Weak Reference
    __sigvec_lookup                           - Undefined Weak Reference
    _atexit_init                              - Undefined Weak Reference
    _call_atexit_fns                          - Undefined Weak Reference
    _clock_init                               - Undefined Weak Reference
    _fp_trap_init                             - Undefined Weak Reference
    _fp_trap_shutdown                         - Undefined Weak Reference
    _get_lc_collate                           - Undefined Weak Reference
    _get_lc_ctype                             - Undefined Weak Reference
    _get_lc_monetary                          - Undefined Weak Reference
    _get_lc_numeric                           - Undefined Weak Reference
    _get_lc_time                              - Undefined Weak Reference
    _getenv_init                              - Undefined Weak Reference
    _handle_redirection                       - Undefined Weak Reference
    _init_alloc                               - Undefined Weak Reference
    _init_user_alloc                          - Undefined Weak Reference
    _initio                                   - Undefined Weak Reference
    _mutex_acquire                            - Undefined Weak Reference
    _mutex_release                            - Undefined Weak Reference
    _printf_post_padding                      - Undefined Weak Reference
    _printf_pre_padding                       - Undefined Weak Reference
    _printf_truncate_signed                   - Undefined Weak Reference
    _printf_truncate_unsigned                 - Undefined Weak Reference
    _signal_finish                            - Undefined Weak Reference
    _signal_init                              - Undefined Weak Reference
    _terminate_alloc                          - Undefined Weak Reference
    _terminate_user_alloc                     - Undefined Weak Reference
    _terminateio                              - Undefined Weak Reference
    __Vectors_End                            0x000000c0   Data           0  startup_mkl16z4.o(RESET)
    __Vectors_Size                           0x000000c0   Number         0  startup_mkl16z4.o ABSOLUTE
    __main                                   0x000000c1   Thumb Code     8  __main.o(!!!main)
    __scatterload                            0x000000c9   Thumb Code     0  __scatter.o(!!!scatter)
    __scatterload_rt2                        0x000000c9   Thumb Code    52  __scatter.o(!!!scatter)
    __scatterload_rt2_thumb_only             0x000000c9   Thumb Code     0  __scatter.o(!!!scatter)
    __scatterload_null                       0x000000d9   Thumb Code     0  __scatter.o(!!!scatter)
    __scatterload_copy                       0x00000105   Thumb Code    26  __scatter_copy.o(!!handler_copy)
    __scatterload_zeroinit                   0x00000121   Thumb Code    28  __scatter_zi.o(!!handler_zi)
    _printf_percent                          0x0000013d   Thumb Code     0  _printf_percent.o(.ARM.Collect$$_printf_percent$$00000000)
    _printf_d                                0x0000013f   Thumb Code     0  _printf_d.o(.ARM.Collect$$_printf_percent$$00000009)
    _printf_percent_end                      0x00000149   Thumb Code     0  _printf_percent_end.o(.ARM.Collect$$_printf_percent$$00000017)
    __rt_lib_init                            0x0000014d   Thumb Code     0  libinit.o(.ARM.Collect$$libinit$$00000000)
    __rt_lib_init_fp_1                       0x0000014f   Thumb Code     0  libinit2.o(.ARM.Collect$$libinit$$00000002)
    __rt_lib_init_heap_1                     0x0000014f   Thumb Code     0  libinit2.o(.ARM.Collect$$libinit$$0000000A)
    __rt_lib_init_preinit_1                  0x0000014f   Thumb Code     0  libinit2.o(.ARM.Collect$$libinit$$00000004)
    __rt_lib_init_rand_2                     0x0000014f   Thumb Code     0  libinit2.o(.ARM.Collect$$libinit$$0000000D)
    __rt_lib_init_user_alloc_1               0x0000014f   Thumb Code     0  libinit2.o(.ARM.Collect$$libinit$$0000000C)
    __rt_lib_init_alloca_1                   0x00000153   Thumb Code     0  libinit2.o(.ARM.Collect$$libinit$$0000002E)
    __rt_lib_init_argv_1                     0x00000153   Thumb Code     0  libinit2.o(.ARM.Collect$$libinit$$0000002C)
    __rt_lib_init_atexit_1                   0x00000153   Thumb Code     0  libinit2.o(.ARM.Collect$$libinit$$0000001B)
    __rt_lib_init_clock_1                    0x00000153   Thumb Code     0  libinit2.o(.ARM.Collect$$libinit$$00000021)
    __rt_lib_init_cpp_1                      0x00000153   Thumb Code     0  libinit2.o(.ARM.Collect$$libinit$$00000032)
    __rt_lib_init_exceptions_1               0x00000153   Thumb Code     0  libinit2.o(.ARM.Collect$$libinit$$00000030)
    __rt_lib_init_fp_trap_1                  0x00000153   Thumb Code     0  libinit2.o(.ARM.Collect$$libinit$$0000001F)
    __rt_lib_init_getenv_1                   0x00000153   Thumb Code     0  libinit2.o(.ARM.Collect$$libinit$$00000023)
    __rt_lib_init_lc_collate_1               0x00000153   Thumb Code     0  libinit2.o(.ARM.Collect$$libinit$$00000011)
    __rt_lib_init_lc_ctype_1                 0x00000153   Thumb Code     0  libinit2.o(.ARM.Collect$$libinit$$00000013)
    __rt_lib_init_lc_monetary_1              0x00000153   Thumb Code     0  libinit2.o(.ARM.Collect$$libinit$$00000015)
    __rt_lib_init_lc_numeric_1               0x00000153   Thumb Code     0  libinit2.o(.ARM.Collect$$libinit$$00000017)
    __rt_lib_init_lc_time_1                  0x00000153   Thumb Code     0  libinit2.o(.ARM.Collect$$libinit$$00000019)
    __rt_lib_init_rand_1                     0x00000153   Thumb Code     0  libinit2.o(.ARM.Collect$$libinit$$0000000E)
    __rt_lib_init_return                     0x00000153   Thumb Code     0  libinit2.o(.ARM.Collect$$libinit$$00000033)
    __rt_lib_init_signal_1                   0x00000153   Thumb Code     0  libinit2.o(.ARM.Collect$$libinit$$0000001D)
    __rt_lib_init_stdio_1                    0x00000153   Thumb Code     0  libinit2.o(.ARM.Collect$$libinit$$00000025)
    __rt_lib_shutdown                        0x00000155   Thumb Code     0  libshutdown.o(.ARM.Collect$$libshutdown$$00000000)
    __rt_lib_shutdown_cpp_1                  0x00000157   Thumb Code     0  libshutdown2.o(.ARM.Collect$$libshutdown$$00000002)
    __rt_lib_shutdown_fp_trap_1              0x00000157   Thumb Code     0  libshutdown2.o(.ARM.Collect$$libshutdown$$00000007)
    __rt_lib_shutdown_heap_1                 0x00000157   Thumb Code     0  libshutdown2.o(.ARM.Collect$$libshutdown$$0000000F)
    __rt_lib_shutdown_return                 0x00000157   Thumb Code     0  libshutdown2.o(.ARM.Collect$$libshutdown$$00000010)
    __rt_lib_shutdown_signal_1               0x00000157   Thumb Code     0  libshutdown2.o(.ARM.Collect$$libshutdown$$0000000A)
    __rt_lib_shutdown_stdio_1                0x00000157   Thumb Code     0  libshutdown2.o(.ARM.Collect$$libshutdown$$00000004)
    __rt_lib_shutdown_user_alloc_1           0x00000157   Thumb Code     0  libshutdown2.o(.ARM.Collect$$libshutdown$$0000000C)
    __rt_entry                               0x00000159   Thumb Code     0  __rtentry.o(.ARM.Collect$$rtentry$$00000000)
    __rt_entry_presh_1                       0x00000159   Thumb Code     0  __rtentry2.o(.ARM.Collect$$rtentry$$00000002)
    __rt_entry_sh                            0x00000159   Thumb Code     0  __rtentry4.o(.ARM.Collect$$rtentry$$00000004)
    __rt_entry_li                            0x0000015f   Thumb Code     0  __rtentry2.o(.ARM.Collect$$rtentry$$0000000A)
    __rt_entry_postsh_1                      0x0000015f   Thumb Code     0  __rtentry2.o(.ARM.Collect$$rtentry$$00000009)
    __rt_entry_main                          0x00000163   Thumb Code     0  __rtentry2.o(.ARM.Collect$$rtentry$$0000000D)
    __rt_entry_postli_1                      0x00000163   Thumb Code     0  __rtentry2.o(.ARM.Collect$$rtentry$$0000000C)
    __rt_exit                                0x0000016b   Thumb Code     0  rtexit.o(.ARM.Collect$$rtexit$$00000000)
    __rt_exit_ls                             0x0000016d   Thumb Code     0  rtexit2.o(.ARM.Collect$$rtexit$$00000003)
    __rt_exit_prels_1                        0x0000016d   Thumb Code     0  rtexit2.o(.ARM.Collect$$rtexit$$00000002)
    __rt_exit_exit                           0x00000171   Thumb Code     0  rtexit2.o(.ARM.Collect$$rtexit$$00000004)
    rand                                     0x00000179   Thumb Code    52  rand.o(.emb_text)
    Reset_Handler                            0x000001b1   Thumb Code     8  startup_mkl16z4.o(.text)
    NMI_Handler                              0x000001b9   Thumb Code     2  startup_mkl16z4.o(.text)
    HardFault_Handler                        0x000001bb   Thumb Code     2  startup_mkl16z4.o(.text)
    SVC_Handler                              0x000001bd   Thumb Code     2  startup_mkl16z4.o(.text)
    PendSV_Handler                           0x000001bf   Thumb Code     2  startup_mkl16z4.o(.text)
    ADC0_IRQHandler                          0x000001c3   Thumb Code     0  startup_mkl16z4.o(.text)
    CMP0_IRQHandler                          0x000001c3   Thumb Code     0  startup_mkl16z4.o(.text)
    DAC0_IRQHandler                          0x000001c3   Thumb Code     0  startup_mkl16z4.o(.text)
    DMA0_IRQHandler                          0x000001c3   Thumb Code     0  startup_mkl16z4.o(.text)
    DMA1_IRQHandler                          0x000001c3   Thumb Code     0  startup_mkl16z4.o(.text)
    DMA2_IRQHandler                          0x000001c3   Thumb Code     0  startup_mkl16z4.o(.text)
    DMA3_IRQHandler                          0x000001c3   Thumb Code     0  startup_mkl16z4.o(.text)
    DefaultISR                               0x000001c3   Thumb Code     0  startup_mkl16z4.o(.text)
    FTFA_IRQHandler                          0x000001c3   Thumb Code     0  startup_mkl16z4.o(.text)
    I2C0_IRQHandler                          0x000001c3   Thumb Code     0  startup_mkl16z4.o(.text)
    I2C1_IRQHandler                          0x000001c3   Thumb Code     0  startup_mkl16z4.o(.text)
    I2S0_IRQHandler                          0x000001c3   Thumb Code     0  startup_mkl16z4.o(.text)
    LLW_IRQHandler                           0x000001c3   Thumb Code     0  startup_mkl16z4.o(.text)
    LPTimer_IRQHandler                       0x000001c3   Thumb Code     0  startup_mkl16z4.o(.text)
    LVD_LVW_IRQHandler                       0x000001c3   Thumb Code     0  startup_mkl16z4.o(.text)
    MCG_IRQHandler                           0x000001c3   Thumb Code     0  startup_mkl16z4.o(.text)
    PIT_IRQHandler                           0x000001c3   Thumb Code     0  startup_mkl16z4.o(.text)
    RTC_IRQHandler                           0x000001c3   Thumb Code     0  startup_mkl16z4.o(.text)
    RTC_Seconds_IRQHandler                   0x000001c3   Thumb Code     0  startup_mkl16z4.o(.text)
    Reserved20_IRQHandler                    0x000001c3   Thumb Code     0  startup_mkl16z4.o(.text)
    Reserved40_IRQHandler                    0x000001c3   Thumb Code     0  startup_mkl16z4.o(.text)
    Reserved45_IRQHandler                    0x000001c3   Thumb Code     0  startup_mkl16z4.o(.text)
    SPI0_IRQHandler                          0x000001c3   Thumb Code     0  startup_mkl16z4.o(.text)
    SPI1_IRQHandler                          0x000001c3   Thumb Code     0  startup_mkl16z4.o(.text)
    TPM0_IRQHandler                          0x000001c3   Thumb Code     0  startup_mkl16z4.o(.text)
    TPM1_IRQHandler                          0x000001c3   Thumb Code     0  startup_mkl16z4.o(.text)
    TPM2_IRQHandler                          0x000001c3   Thumb Code     0  startup_mkl16z4.o(.text)
    TSI0_IRQHandler                          0x000001c3   Thumb Code     0  startup_mkl16z4.o(.text)
    __user_initial_stackheap                 0x000001c5   Thumb Code     0  startup_mkl16z4.o(.text)
    __2printf                                0x000001e5   Thumb Code    22  noretval__2printf.o(.text)
    __printf                                 0x00000201   Thumb Code   108  __printf.o(.text)
    _printf_int_dec                          0x0000026d   Thumb Code    90  _printf_dec.o(.text)
    srand                                    0x000002d9   Thumb Code    44  rand.o(.text)
    _rand_init                               0x00000305   Thumb Code     4  rand.o(.text)
    _memset_w                                0x00000315   Thumb Code    26  rt_memclr.o(.text)
    _memset                                  0x0000032f   Thumb Code    30  rt_memclr.o(.text)
    __aeabi_memclr                           0x0000034d   Thumb Code     4  rt_memclr.o(.text)
    __rt_memclr                              0x0000034d   Thumb Code     0  rt_memclr.o(.text)
    __aeabi_memclr4                          0x00000351   Thumb Code     0  rt_memclr.o(.text)
    __aeabi_memclr8                          0x00000351   Thumb Code     0  rt_memclr.o(.text)
    __rt_memclr_w                            0x00000351   Thumb Code     4  rt_memclr.o(.text)
    __use_two_region_memory                  0x00000355   Thumb Code     2  heapauxi.o(.text)
    __rt_heap_escrow$2region                 0x00000357   Thumb Code     2  heapauxi.o(.text)
    __rt_heap_expand$2region                 0x00000359   Thumb Code     2  heapauxi.o(.text)
    __aeabi_d2uiz                            0x0000035d   Thumb Code     0  dfixui.o(.text)
    _dfixu                                   0x0000035d   Thumb Code    68  dfixui.o(.text)
    __aeabi_i2d_normalise                    0x000003a5   Thumb Code    66  dflti.o(.text)
    __aeabi_i2d                              0x000003e7   Thumb Code    16  dflti.o(.text)
    _dflt                                    0x000003e7   Thumb Code     0  dflti.o(.text)
    __aeabi_ui2d                             0x000003f7   Thumb Code     6  dflti.o(.text)
    _dfltu                                   0x000003f7   Thumb Code     0  dflti.o(.text)
    __I$use$semihosting                      0x000003fd   Thumb Code     0  use_no_semi.o(.text)
    __use_no_semihosting_swi                 0x000003fd   Thumb Code     2  use_no_semi.o(.text)
    PORTA_IRQHandler                         0x000003ff   Thumb Code     2  gpio.o(i.PORTA_IRQHandler)
    __semihosting_library_function           0x000003ff   Thumb Code     0  indicate_semi.o(.text)
    __aeabi_uidiv                            0x00000411   Thumb Code     0  aeabi_sdiv.o(.text)
    __aeabi_uidivmod                         0x00000411   Thumb Code    20  aeabi_sdiv.o(.text)
    __aeabi_idiv                             0x00000425   Thumb Code     0  aeabi_sdiv.o(.text)
    __aeabi_idivmod                          0x00000425   Thumb Code   326  aeabi_sdiv.o(.text)
    __aeabi_dadd                             0x00000865   Thumb Code     0  daddsub.o(.text)
    _dadd                                    0x00000865   Thumb Code    26  daddsub.o(.text)
    __aeabi_dsub                             0x0000087f   Thumb Code     0  daddsub.o(.text)
    _dsub                                    0x0000087f   Thumb Code    22  daddsub.o(.text)
    __aeabi_drsub                            0x00000895   Thumb Code     0  daddsub.o(.text)
    _drsb                                    0x00000895   Thumb Code    28  daddsub.o(.text)
    __aeabi_ddiv                             0x000008c5   Thumb Code     0  ddiv.o(.text)
    _ddiv                                    0x000008c5   Thumb Code  1072  ddiv.o(.text)
    _drdiv                                   0x00000cf5   Thumb Code    20  ddiv.o(.text)
    __aeabi_dmul                             0x00000d0d   Thumb Code     0  dmul.o(.text)
    _dmul                                    0x00000d0d   Thumb Code   558  dmul.o(.text)
    _printf_int_common                       0x00000f55   Thumb Code   176  _printf_intcommon.o(.text)
    _printf_char_file                        0x00001005   Thumb Code    34  _printf_char_file.o(.text)
    __rt_udiv10                              0x0000102d   Thumb Code    40  rtudiv10.o(.text)
    _printf_char_common                      0x0000105f   Thumb Code    32  _printf_char_common.o(.text)
    ferror                                   0x00001085   Thumb Code     8  ferror.o(.text)
    __user_setup_stackheap                   0x0000108d   Thumb Code    62  sys_stackheap_outer.o(.text)
    exit                                     0x000010cb   Thumb Code    16  exit.o(.text)
    __user_libspace                          0x000010dd   Thumb Code     8  libspace.o(.text)
    __user_perproc_libspace                  0x000010dd   Thumb Code     0  libspace.o(.text)
    __user_perthread_libspace                0x000010dd   Thumb Code     0  libspace.o(.text)
    _sys_exit                                0x000010e5   Thumb Code     8  sys_exit.o(.text)
    BoardInitMcu                             0x00001129   Thumb Code   124  board.o(i.BoardInitMcu)
    BoardInitPeriph                          0x000011d5   Thumb Code    80  board.o(i.BoardInitPeriph)
    CSMAStart                                0x000012d9   Thumb Code    36  csma.o(i.CSMAStart)
    DebugMain                                0x00001359   Thumb Code    16  main.o(i.DebugMain)
    FLASH_EraseNPage                         0x0000139d   Thumb Code    50  flash.o(i.FLASH_EraseNPage)
    FLASH_Erasepage                          0x000013d1   Thumb Code    74  flash.o(i.FLASH_Erasepage)
    FLASH_ReadDword                          0x00001421   Thumb Code     6  flash.o(i.FLASH_ReadDword)
    FLASH_ReadNbyte                          0x00001427   Thumb Code    62  flash.o(i.FLASH_ReadNbyte)
    FLASH_Write4Byte                         0x00001465   Thumb Code   100  flash.o(i.FLASH_Write4Byte)
    FLASH_WriteDword                         0x000014cd   Thumb Code    40  flash.o(i.FLASH_WriteDword)
    FLASH_WriteNbyte                         0x000014f5   Thumb Code    68  flash.o(i.FLASH_WriteNbyte)
    GPIO_PinHigh                             0x00001539   Thumb Code    50  gpio.o(i.GPIO_PinHigh)
    GPIO_PinLow                              0x00001571   Thumb Code    50  gpio.o(i.GPIO_PinLow)
    GPIO_PinReadInput                        0x000015a9   Thumb Code    34  gpio.o(i.GPIO_PinReadInput)
    GPIO_PinToggle                           0x000015d1   Thumb Code    50  gpio.o(i.GPIO_PinToggle)
    GPIO_SetPinIsInput                       0x00001609   Thumb Code   170  gpio.o(i.GPIO_SetPinIsInput)
    GPIO_SetPinIsInterrupt                   0x000016c5   Thumb Code   118  gpio.o(i.GPIO_SetPinIsInterrupt)
    GPIO_SetPinIsOutput                      0x00001751   Thumb Code    90  gpio.o(i.GPIO_SetPinIsOutput)
    GetMilSecTick                            0x000017bd   Thumb Code     6  timer.o(i.GetMilSecTick)
    GpioBoard                                0x000017c9   Thumb Code    50  gpio_board.o(i.GpioBoard)
    GpioBoardMain                            0x000017fb   Thumb Code    16  main.o(i.GpioBoardMain)
    HandleDataConfirmUp                      0x0000180d   Thumb Code   126  main.o(i.HandleDataConfirmUp)
    LoRaMacInitialization                    0x00001891   Thumb Code    20  loramac_qh.o(i.LoRaMacInitialization)
    NBCMDWriteToFlash                        0x000018a9   Thumb Code    76  debug.o(i.NBCMDWriteToFlash)
    OnLedBoardInitPeriphEvent                0x00001989   Thumb Code    24  board.o(i.OnLedBoardInitPeriphEvent)
    OnRadioRxDone                            0x000019a5   Thumb Code    74  loramac_qh.o(i.OnRadioRxDone)
    OnRadioTxDone                            0x000019fd   Thumb Code    16  loramac_qh.o(i.OnRadioTxDone)
    PORTC_PORTD_IRQHandler                   0x00001a11   Thumb Code    32  gpio.o(i.PORTC_PORTD_IRQHandler)
    SPI_Init                                 0x00001e35   Thumb Code    36  spi_gpio.o(i.SPI_Init)
    SPI_RW                                   0x00001e5d   Thumb Code    90  spi_gpio.o(i.SPI_RW)
    SPI_Read                                 0x00001ebd   Thumb Code    40  spi_gpio.o(i.SPI_Read)
    SPI_Read_Buf                             0x00001ee5   Thumb Code    30  spi_gpio.o(i.SPI_Read_Buf)
    SPI_Write                                0x00001f03   Thumb Code    44  spi_gpio.o(i.SPI_Write)
    SPI_Write_Buf                            0x00001f2f   Thumb Code    30  spi_gpio.o(i.SPI_Write_Buf)
    SX1276GetPaSelect                        0x00001f4d   Thumb Code    16  board.o(i.SX1276GetPaSelect)
    SX1276Init                               0x00001f61   Thumb Code    22  sx1276_qh.o(i.SX1276Init)
    SX1276IoIrqInit                          0x00001f91   Thumb Code    12  board.o(i.SX1276IoIrqInit)
    SX1276OnDio0Irq                          0x00001fa1   Thumb Code   304  sx1276_qh.o(i.SX1276OnDio0Irq)
    SX1276Random                             0x000020dd   Thumb Code    62  sx1276_qh.o(i.SX1276Random)
    SX1276Read                               0x0000211b   Thumb Code    20  sx1276_qh.o(i.SX1276Read)
    SX1276ReadBuffer                         0x0000212f   Thumb Code    20  sx1276_qh.o(i.SX1276ReadBuffer)
    SX1276ReadFifo                           0x00002143   Thumb Code    18  sx1276_qh.o(i.SX1276ReadFifo)
    SX1276Reset                              0x00002155   Thumb Code    32  sx1276_qh.o(i.SX1276Reset)
    SX1276Send                               0x00002175   Thumb Code   140  sx1276_qh.o(i.SX1276Send)
    SX1276SetChannel                         0x00002205   Thumb Code    64  sx1276_qh.o(i.SX1276SetChannel)
    SX1276SetMaxPayloadLength                0x0000224d   Thumb Code    18  sx1276_qh.o(i.SX1276SetMaxPayloadLength)
    SX1276SetModem                           0x00002261   Thumb Code    66  sx1276_qh.o(i.SX1276SetModem)
    SX1276SetOpMode                          0x000022a9   Thumb Code    28  sx1276_qh.o(i.SX1276SetOpMode)
    SX1276SetRx                              0x000022c5   Thumb Code   552  sx1276_qh.o(i.SX1276SetRx)
    SX1276SetRxConfig                        0x0000250d   Thumb Code   438  sx1276_qh.o(i.SX1276SetRxConfig)
    SX1276SetSleep                           0x000026cd   Thumb Code    16  sx1276_qh.o(i.SX1276SetSleep)
    SX1276SetStby                            0x000026e1   Thumb Code    16  sx1276_qh.o(i.SX1276SetStby)
    SX1276SetTx                              0x000026f5   Thumb Code    98  sx1276_qh.o(i.SX1276SetTx)
    SX1276SetTxConfig                        0x0000275d   Thumb Code   550  sx1276_qh.o(i.SX1276SetTxConfig)
    SX1276Write                              0x00002989   Thumb Code    16  sx1276_qh.o(i.SX1276Write)
    SX1276WriteBuffer                        0x00002999   Thumb Code    20  sx1276_qh.o(i.SX1276WriteBuffer)
    SX1276WriteFifo                          0x000029ad   Thumb Code    18  sx1276_qh.o(i.SX1276WriteFifo)
    Send                                     0x000029bf   Thumb Code    40  loramac_qh.o(i.Send)
    SysTick_Handler                          0x00002a4d   Thumb Code    30  timer.o(i.SysTick_Handler)
    SystemCoreClockUpdate                    0x00002a75   Thumb Code   320  system_mkl16z4.o(i.SystemCoreClockUpdate)
    SystemInit                               0x00002bd1   Thumb Code    94  system_mkl16z4.o(i.SystemInit)
    TimerStart                               0x00002e01   Thumb Code    86  timer.o(i.TimerStart)
    TypeOfDataNow                            0x00002e5d   Thumb Code    26  loramac_qh.o(i.TypeOfDataNow)
    UART0_IRQHandler                         0x00002e7d   Thumb Code    10  uart.o(i.UART0_IRQHandler)
    UART1_IRQHandler                         0x00002e89   Thumb Code    84  uart.o(i.UART1_IRQHandler)
    UART2_IRQHandler                         0x00002ee9   Thumb Code    10  uart.o(i.UART2_IRQHandler)
    UART_GetChar                             0x00002f41   Thumb Code    54  uart.o(i.UART_GetChar)
    UART_Init                                0x00002f81   Thumb Code   672  uart.o(i.UART_Init)
    UART_Open                                0x0000324d   Thumb Code    30  uart.o(i.UART_Open)
    UART_PutChar                             0x0000326d   Thumb Code    92  uart.o(i.UART_PutChar)
    UART_PutString                           0x000032d1   Thumb Code    28  uart.o(i.UART_PutString)
    UART_RegBuffer                           0x000032ed   Thumb Code    50  uart.o(i.UART_RegBuffer)
    UART_SetReciver                          0x00003325   Thumb Code    94  uart.o(i.UART_SetReciver)
    UART_SetRxIrq                            0x0000338d   Thumb Code    94  uart.o(i.UART_SetRxIrq)
    UART_SetTransmitter                      0x000033f5   Thumb Code    94  uart.o(i.UART_SetTransmitter)
    __ARM_common_switch8                     0x000034f5   Thumb Code    28  sx1276_qh.o(i.__ARM_common_switch8)
    bufAddDat                                0x00003511   Thumb Code   144  buff.o(i.bufAddDat)
    bufClear                                 0x000035a1   Thumb Code    28  buff.o(i.bufClear)
    delay_ms                                 0x000035bd   Thumb Code    22  driver_common.o(i.delay_ms)
    delay_us                                 0x000035d9   Thumb Code    22  driver_common.o(i.delay_us)
    fputc                                    0x000035f5   Thumb Code    18  uart.o(i.fputc)
    i2c_init                                 0x00003609   Thumb Code   154  i2c.o(i.i2c_init)
    main                                     0x000036c1   Thumb Code    34  main.o(i.main)
    memcpy1                                  0x000036e9   Thumb Code    24  utilities.o(i.memcpy1)
    processTimer                             0x0000371d   Thumb Code   134  timer.o(i.processTimer)
    random_number                            0x000037a9   Thumb Code    62  utilities.o(i.random_number)
    resetNbCMDInFlash                        0x000037e9   Thumb Code    56  debug.o(i.resetNbCMDInFlash)
    sendCMDToRelay                           0x00003899   Thumb Code    50  main.o(i.sendCMDToRelay)
    sendDataToPC                             0x000038d1   Thumb Code   332  debug.o(i.sendDataToPC)
    sendNbCMDToPC                            0x00003a1d   Thumb Code    14  debug.o(i.sendNbCMDToPC)
    __I$use$fp                               0x00003a2a   Number         0  usenofp.o(x$fpl$usenofp)
    g_portclock                              0x00003a2c   Data          20  driver_common.o(.constdata)
    g_spiclock                               0x00003a40   Data           8  driver_common.o(.constdata)
    g_uartclock                              0x00003a48   Data          12  driver_common.o(.constdata)
    g_i2cclock                               0x00003a54   Data           8  driver_common.o(.constdata)
    g_tpmclock                               0x00003a5c   Data          12  driver_common.o(.constdata)
    g_gpiobase                               0x00003a68   Data          20  driver_common.o(.constdata)
    g_gpioport                               0x00003a7c   Data          20  driver_common.o(.constdata)
    g_spibase                                0x00003a90   Data           8  driver_common.o(.constdata)
    g_uartbase                               0x00003a98   Data          12  driver_common.o(.constdata)
    g_i2cbase                                0x00003aa4   Data           8  driver_common.o(.constdata)
    g_tpmbase                                0x00003aac   Data          12  driver_common.o(.constdata)
    Region$$Table$$Base                      0x00003b80   Number         0  anon$$obj.o(Region$$Table)
    Region$$Table$$Limit                     0x00003ba0   Number         0  anon$$obj.o(Region$$Table)
    __stdout                                 0x1ffffc2c   Data           4  uart.o(.data)
    __stdin                                  0x1ffffc30   Data           4  uart.o(.data)
    SystemCoreClock                          0x1ffffc34   Data           4  system_mkl16z4.o(.data)
    SystemBusClock                           0x1ffffc38   Data           4  system_mkl16z4.o(.data)
    uartBuffTest                             0x1ffffc7c   Data        1032  board.o(.bss)
    SX1276                                   0x20000204   Data          44  sx1276_qh.o(.bss)
    _random_number_data                      0x2000047c   Data         228  rand.o(.bss)
    __libspace_start                         0x20000560   Data          96  libspace.o(.bss)
    __temporary_stack_top$libspace           0x200005c0   Data           0  libspace.o(.bss)



==============================================================================

Memory Map of the image

  Image Entry point : 0x000000c1

  Load Region LR_IROM1 (Base: 0x00000000, Size: 0x00003bdc, Max: 0x00008000, ABSOLUTE)

    Execution Region ER_IROM1 (Base: 0x00000000, Size: 0x00003ba0, Max: 0x00008000, ABSOLUTE)

    Base Addr    Size         Type   Attr      Idx    E Section Name        Object

    0x00000000   0x000000c0   Data   RO         1484    RESET               startup_mkl16z4.o
    0x000000c0   0x00000008   Code   RO         1569  * !!!main             c_p.l(__main.o)
    0x000000c8   0x0000003c   Code   RO         1765    !!!scatter          c_p.l(__scatter.o)
    0x00000104   0x0000001a   Code   RO         1767    !!handler_copy      c_p.l(__scatter_copy.o)
    0x0000011e   0x00000002   PAD
    0x00000120   0x0000001c   Code   RO         1769    !!handler_zi        c_p.l(__scatter_zi.o)
    0x0000013c   0x00000002   Code   RO         1555    .ARM.Collect$$_printf_percent$$00000000  c_p.l(_printf_percent.o)
    0x0000013e   0x0000000a   Code   RO         1554    .ARM.Collect$$_printf_percent$$00000009  c_p.l(_printf_d.o)
    0x00000148   0x00000004   Code   RO         1591    .ARM.Collect$$_printf_percent$$00000017  c_p.l(_printf_percent_end.o)
    0x0000014c   0x00000002   Code   RO         1687    .ARM.Collect$$libinit$$00000000  c_p.l(libinit.o)
    0x0000014e   0x00000000   Code   RO         1595    .ARM.Collect$$libinit$$00000002  c_p.l(libinit2.o)
    0x0000014e   0x00000000   Code   RO         1597    .ARM.Collect$$libinit$$00000004  c_p.l(libinit2.o)
    0x0000014e   0x00000000   Code   RO         1600    .ARM.Collect$$libinit$$0000000A  c_p.l(libinit2.o)
    0x0000014e   0x00000000   Code   RO         1602    .ARM.Collect$$libinit$$0000000C  c_p.l(libinit2.o)
    0x0000014e   0x00000004   Code   RO         1603    .ARM.Collect$$libinit$$0000000D  c_p.l(libinit2.o)
    0x00000152   0x00000000   Code   RO         1604    .ARM.Collect$$libinit$$0000000E  c_p.l(libinit2.o)
    0x00000152   0x00000000   Code   RO         1607    .ARM.Collect$$libinit$$00000011  c_p.l(libinit2.o)
    0x00000152   0x00000000   Code   RO         1609    .ARM.Collect$$libinit$$00000013  c_p.l(libinit2.o)
    0x00000152   0x00000000   Code   RO         1611    .ARM.Collect$$libinit$$00000015  c_p.l(libinit2.o)
    0x00000152   0x00000000   Code   RO         1613    .ARM.Collect$$libinit$$00000017  c_p.l(libinit2.o)
    0x00000152   0x00000000   Code   RO         1615    .ARM.Collect$$libinit$$00000019  c_p.l(libinit2.o)
    0x00000152   0x00000000   Code   RO         1617    .ARM.Collect$$libinit$$0000001B  c_p.l(libinit2.o)
    0x00000152   0x00000000   Code   RO         1619    .ARM.Collect$$libinit$$0000001D  c_p.l(libinit2.o)
    0x00000152   0x00000000   Code   RO         1621    .ARM.Collect$$libinit$$0000001F  c_p.l(libinit2.o)
    0x00000152   0x00000000   Code   RO         1623    .ARM.Collect$$libinit$$00000021  c_p.l(libinit2.o)
    0x00000152   0x00000000   Code   RO         1625    .ARM.Collect$$libinit$$00000023  c_p.l(libinit2.o)
    0x00000152   0x00000000   Code   RO         1627    .ARM.Collect$$libinit$$00000025  c_p.l(libinit2.o)
    0x00000152   0x00000000   Code   RO         1631    .ARM.Collect$$libinit$$0000002C  c_p.l(libinit2.o)
    0x00000152   0x00000000   Code   RO         1633    .ARM.Collect$$libinit$$0000002E  c_p.l(libinit2.o)
    0x00000152   0x00000000   Code   RO         1635    .ARM.Collect$$libinit$$00000030  c_p.l(libinit2.o)
    0x00000152   0x00000000   Code   RO         1637    .ARM.Collect$$libinit$$00000032  c_p.l(libinit2.o)
    0x00000152   0x00000002   Code   RO         1638    .ARM.Collect$$libinit$$00000033  c_p.l(libinit2.o)
    0x00000154   0x00000002   Code   RO         1732    .ARM.Collect$$libshutdown$$00000000  c_p.l(libshutdown.o)
    0x00000156   0x00000000   Code   RO         1748    .ARM.Collect$$libshutdown$$00000002  c_p.l(libshutdown2.o)
    0x00000156   0x00000000   Code   RO         1750    .ARM.Collect$$libshutdown$$00000004  c_p.l(libshutdown2.o)
    0x00000156   0x00000000   Code   RO         1753    .ARM.Collect$$libshutdown$$00000007  c_p.l(libshutdown2.o)
    0x00000156   0x00000000   Code   RO         1756    .ARM.Collect$$libshutdown$$0000000A  c_p.l(libshutdown2.o)
    0x00000156   0x00000000   Code   RO         1758    .ARM.Collect$$libshutdown$$0000000C  c_p.l(libshutdown2.o)
    0x00000156   0x00000000   Code   RO         1761    .ARM.Collect$$libshutdown$$0000000F  c_p.l(libshutdown2.o)
    0x00000156   0x00000002   Code   RO         1762    .ARM.Collect$$libshutdown$$00000010  c_p.l(libshutdown2.o)
    0x00000158   0x00000000   Code   RO         1582    .ARM.Collect$$rtentry$$00000000  c_p.l(__rtentry.o)
    0x00000158   0x00000000   Code   RO         1641    .ARM.Collect$$rtentry$$00000002  c_p.l(__rtentry2.o)
    0x00000158   0x00000006   Code   RO         1653    .ARM.Collect$$rtentry$$00000004  c_p.l(__rtentry4.o)
    0x0000015e   0x00000000   Code   RO         1643    .ARM.Collect$$rtentry$$00000009  c_p.l(__rtentry2.o)
    0x0000015e   0x00000004   Code   RO         1644    .ARM.Collect$$rtentry$$0000000A  c_p.l(__rtentry2.o)
    0x00000162   0x00000000   Code   RO         1646    .ARM.Collect$$rtentry$$0000000C  c_p.l(__rtentry2.o)
    0x00000162   0x00000008   Code   RO         1647    .ARM.Collect$$rtentry$$0000000D  c_p.l(__rtentry2.o)
    0x0000016a   0x00000002   Code   RO         1694    .ARM.Collect$$rtexit$$00000000  c_p.l(rtexit.o)
    0x0000016c   0x00000000   Code   RO         1714    .ARM.Collect$$rtexit$$00000002  c_p.l(rtexit2.o)
    0x0000016c   0x00000004   Code   RO         1715    .ARM.Collect$$rtexit$$00000003  c_p.l(rtexit2.o)
    0x00000170   0x00000006   Code   RO         1716    .ARM.Collect$$rtexit$$00000004  c_p.l(rtexit2.o)
    0x00000176   0x00000002   PAD
    0x00000178   0x00000038   Code   RO         1556    .emb_text           c_p.l(rand.o)
    0x000001b0   0x00000034   Code   RO         1486    .text               startup_mkl16z4.o
    0x000001e4   0x0000001c   Code   RO         1528    .text               c_p.l(noretval__2printf.o)
    0x00000200   0x0000006c   Code   RO         1530    .text               c_p.l(__printf.o)
    0x0000026c   0x0000006c   Code   RO         1532    .text               c_p.l(_printf_dec.o)
    0x000002d8   0x0000003c   Code   RO         1557    .text               c_p.l(rand.o)
    0x00000314   0x00000040   Code   RO         1561    .text               c_p.l(rt_memclr.o)
    0x00000354   0x00000006   Code   RO         1567    .text               c_p.l(heapauxi.o)
    0x0000035a   0x00000002   PAD
    0x0000035c   0x00000048   Code   RO         1576    .text               fz_ps.l(dfixui.o)
    0x000003a4   0x00000058   Code   RO         1578    .text               fz_ps.l(dflti.o)
    0x000003fc   0x00000002   Code   RO         1710    .text               c_p.l(use_no_semi.o)
    0x000003fe   0x00000000   Code   RO         1712    .text               c_p.l(indicate_semi.o)
    0x000003fe   0x00000002   Code   RO         1015    i.PORTA_IRQHandler  gpio.o
    0x00000400   0x00000010   Code   RO         1485    .ARM.__at_0x400     startup_mkl16z4.o
    0x00000410   0x0000015a   Code   RO         1563    .text               c_p.l(aeabi_sdiv.o)
    0x0000056a   0x00000002   PAD
    0x0000056c   0x00000358   Code   RO         1571    .text               fz_ps.l(daddsub.o)
    0x000008c4   0x00000448   Code   RO         1573    .text               fz_ps.l(ddiv.o)
    0x00000d0c   0x00000248   Code   RO         1580    .text               fz_ps.l(dmul.o)
    0x00000f54   0x000000b0   Code   RO         1587    .text               c_p.l(_printf_intcommon.o)
    0x00001004   0x00000028   Code   RO         1589    .text               c_p.l(_printf_char_file.o)
    0x0000102c   0x00000028   Code   RO         1592    .text               c_p.l(rtudiv10.o)
    0x00001054   0x00000030   Code   RO         1657    .text               c_p.l(_printf_char_common.o)
    0x00001084   0x00000008   Code   RO         1659    .text               c_p.l(ferror.o)
    0x0000108c   0x0000003e   Code   RO         1667    .text               c_p.l(sys_stackheap_outer.o)
    0x000010ca   0x00000010   Code   RO         1672    .text               c_p.l(exit.o)
    0x000010da   0x00000002   PAD
    0x000010dc   0x00000008   Code   RO         1690    .text               c_p.l(libspace.o)
    0x000010e4   0x0000000c   Code   RO         1708    .text               c_p.l(sys_exit.o)
    0x000010f0   0x00000038   Code   RO          315    i.AddCSMAToBuff     csma.o
    0x00001128   0x000000ac   Code   RO          175    i.BoardInitMcu      board.o
    0x000011d4   0x00000058   Code   RO          176    i.BoardInitPeriph   board.o
    0x0000122c   0x00000030   Code   RO          316    i.CSMACancel        csma.o
    0x0000125c   0x00000014   Code   RO          317    i.CSMACycle         csma.o
    0x00001270   0x00000068   Code   RO          318    i.CSMAExecute       csma.o
    0x000012d8   0x00000028   Code   RO          319    i.CSMAStart         csma.o
    0x00001300   0x00000058   Code   RO          320    i.CheckSend         csma.o
    0x00001358   0x00000010   Code   RO            3    i.DebugMain         main.o
    0x00001368   0x00000034   Code   RO          321    i.Execute           csma.o
    0x0000139c   0x00000032   Code   RO          936    i.FLASH_EraseNPage  flash.o
    0x000013ce   0x00000002   PAD
    0x000013d0   0x00000050   Code   RO          937    i.FLASH_Erasepage   flash.o
    0x00001420   0x00000006   Code   RO          939    i.FLASH_ReadDword   flash.o
    0x00001426   0x0000003e   Code   RO          940    i.FLASH_ReadNbyte   flash.o
    0x00001464   0x00000068   Code   RO          942    i.FLASH_Write4Byte  flash.o
    0x000014cc   0x00000028   Code   RO          943    i.FLASH_WriteDword  flash.o
    0x000014f4   0x00000044   Code   RO          944    i.FLASH_WriteNbyte  flash.o
    0x00001538   0x00000038   Code   RO         1006    i.GPIO_PinHigh      gpio.o
    0x00001570   0x00000038   Code   RO         1007    i.GPIO_PinLow       gpio.o
    0x000015a8   0x00000028   Code   RO         1008    i.GPIO_PinReadInput  gpio.o
    0x000015d0   0x00000038   Code   RO         1009    i.GPIO_PinToggle    gpio.o
    0x00001608   0x000000bc   Code   RO         1011    i.GPIO_SetPinIsInput  gpio.o
    0x000016c4   0x0000008c   Code   RO         1012    i.GPIO_SetPinIsInterrupt  gpio.o
    0x00001750   0x0000006c   Code   RO         1013    i.GPIO_SetPinIsOutput  gpio.o
    0x000017bc   0x0000000c   Code   RO         1205    i.GetMilSecTick     timer.o
    0x000017c8   0x00000032   Code   RO          686    i.GpioBoard         gpio_board.o
    0x000017fa   0x00000010   Code   RO            4    i.GpioBoardMain     main.o
    0x0000180a   0x00000002   PAD
    0x0000180c   0x00000084   Code   RO            5    i.HandleDataConfirmUp  main.o
    0x00001890   0x00000018   Code   RO          493    i.LoRaMacInitialization  loramac_qh.o
    0x000018a8   0x00000050   Code   RO          440    i.NBCMDWriteToFlash  debug.o
    0x000018f8   0x00000018   Code   RO         1014    i.NVIC_EnableIRQ    gpio.o
    0x00001910   0x00000078   Code   RO          177    i.NVIC_SetPriority  board.o
    0x00001988   0x0000001c   Code   RO          178    i.OnLedBoardInitPeriphEvent  board.o
    0x000019a4   0x00000058   Code   RO          494    i.OnRadioRxDone     loramac_qh.o
    0x000019fc   0x00000014   Code   RO          495    i.OnRadioTxDone     loramac_qh.o
    0x00001a10   0x00000024   Code   RO         1016    i.PORTC_PORTD_IRQHandler  gpio.o
    0x00001a34   0x00000194   Code   RO          496    i.PrepareFrame      loramac_qh.o
    0x00001bc8   0x000000f8   Code   RO            6    i.PrepareTxFrame    main.o
    0x00001cc0   0x00000074   Code   RO          441    i.ReadNbCMDFromFlash  debug.o
    0x00001d34   0x000000b8   Code   RO          702    i.RxChainCalibration  sx1276_qh.o
    0x00001dec   0x00000048   Code   RO          497    i.RxWindowSetup     loramac_qh.o
    0x00001e34   0x00000028   Code   RO         1150    i.SPI_Init          spi_gpio.o
    0x00001e5c   0x00000060   Code   RO         1151    i.SPI_RW            spi_gpio.o
    0x00001ebc   0x00000028   Code   RO         1152    i.SPI_Read          spi_gpio.o
    0x00001ee4   0x0000001e   Code   RO         1153    i.SPI_Read_Buf      spi_gpio.o
    0x00001f02   0x0000002c   Code   RO         1154    i.SPI_Write         spi_gpio.o
    0x00001f2e   0x0000001e   Code   RO         1155    i.SPI_Write_Buf     spi_gpio.o
    0x00001f4c   0x00000014   Code   RO          179    i.SX1276GetPaSelect  board.o
    0x00001f60   0x00000016   Code   RO          703    i.SX1276Init        sx1276_qh.o
    0x00001f76   0x00000002   PAD
    0x00001f78   0x00000018   Code   RO          180    i.SX1276IoInit      board.o
    0x00001f90   0x00000010   Code   RO          181    i.SX1276IoIrqInit   board.o
    0x00001fa0   0x0000013c   Code   RO          705    i.SX1276OnDio0Irq   sx1276_qh.o
    0x000020dc   0x0000003e   Code   RO          706    i.SX1276Random      sx1276_qh.o
    0x0000211a   0x00000014   Code   RO          707    i.SX1276Read        sx1276_qh.o
    0x0000212e   0x00000014   Code   RO          708    i.SX1276ReadBuffer  sx1276_qh.o
    0x00002142   0x00000012   Code   RO          709    i.SX1276ReadFifo    sx1276_qh.o
    0x00002154   0x00000020   Code   RO          711    i.SX1276Reset       sx1276_qh.o
    0x00002174   0x00000090   Code   RO          712    i.SX1276Send        sx1276_qh.o
    0x00002204   0x00000048   Code   RO          713    i.SX1276SetChannel  sx1276_qh.o
    0x0000224c   0x00000012   Code   RO          714    i.SX1276SetMaxPayloadLength  sx1276_qh.o
    0x0000225e   0x00000002   PAD
    0x00002260   0x00000048   Code   RO          715    i.SX1276SetModem    sx1276_qh.o
    0x000022a8   0x0000001c   Code   RO          716    i.SX1276SetOpMode   sx1276_qh.o
    0x000022c4   0x00000248   Code   RO          717    i.SX1276SetRx       sx1276_qh.o
    0x0000250c   0x000001c0   Code   RO          718    i.SX1276SetRxConfig  sx1276_qh.o
    0x000026cc   0x00000014   Code   RO          719    i.SX1276SetSleep    sx1276_qh.o
    0x000026e0   0x00000014   Code   RO          720    i.SX1276SetStby     sx1276_qh.o
    0x000026f4   0x00000068   Code   RO          721    i.SX1276SetTx       sx1276_qh.o
    0x0000275c   0x0000022c   Code   RO          722    i.SX1276SetTxConfig  sx1276_qh.o
    0x00002988   0x00000010   Code   RO          724    i.SX1276Write       sx1276_qh.o
    0x00002998   0x00000014   Code   RO          725    i.SX1276WriteBuffer  sx1276_qh.o
    0x000029ac   0x00000012   Code   RO          726    i.SX1276WriteFifo   sx1276_qh.o
    0x000029be   0x00000028   Code   RO          498    i.Send              loramac_qh.o
    0x000029e6   0x00000002   PAD
    0x000029e8   0x00000018   Code   RO            7    i.SendFrame         main.o
    0x00002a00   0x0000004c   Code   RO          499    i.SendFrameOnChannel  loramac_qh.o
    0x00002a4c   0x00000028   Code   RO         1206    i.SysTick_Handler   timer.o
    0x00002a74   0x0000015c   Code   RO         1494    i.SystemCoreClockUpdate  system_mkl16z4.o
    0x00002bd0   0x0000006c   Code   RO         1495    i.SystemInit        system_mkl16z4.o
    0x00002c3c   0x0000007c   Code   RO          500    i.TaskHandleDataConfirmUp  loramac_qh.o
    0x00002cb8   0x00000054   Code   RO          501    i.TaskHandleDataUnconFirmUp  loramac_qh.o
    0x00002d0c   0x00000068   Code   RO          502    i.TaskHandleJoin_Req  loramac_qh.o
    0x00002d74   0x00000018   Code   RO          503    i.TaskHandleTxDone  loramac_qh.o
    0x00002d8c   0x00000074   Code   RO         1207    i.TimeExpired       timer.o
    0x00002e00   0x0000005c   Code   RO         1210    i.TimerStart        timer.o
    0x00002e5c   0x00000020   Code   RO          504    i.TypeOfDataNow     loramac_qh.o
    0x00002e7c   0x0000000a   Code   RO         1269    i.UART0_IRQHandler  uart.o
    0x00002e86   0x00000002   PAD
    0x00002e88   0x00000060   Code   RO         1270    i.UART1_IRQHandler  uart.o
    0x00002ee8   0x0000000a   Code   RO         1271    i.UART2_IRQHandler  uart.o
    0x00002ef2   0x00000002   PAD
    0x00002ef4   0x0000004c   Code   RO         1273    i.UART_DRIVER_IRQHandler  uart.o
    0x00002f40   0x00000040   Code   RO         1275    i.UART_GetChar      uart.o
    0x00002f80   0x000002cc   Code   RO         1276    i.UART_Init         uart.o
    0x0000324c   0x0000001e   Code   RO         1277    i.UART_Open         uart.o
    0x0000326a   0x00000002   PAD
    0x0000326c   0x00000064   Code   RO         1279    i.UART_PutChar      uart.o
    0x000032d0   0x0000001c   Code   RO         1280    i.UART_PutString    uart.o
    0x000032ec   0x00000038   Code   RO         1281    i.UART_RegBuffer    uart.o
    0x00003324   0x00000068   Code   RO         1282    i.UART_SetReciver   uart.o
    0x0000338c   0x00000068   Code   RO         1283    i.UART_SetRxIrq     uart.o
    0x000033f4   0x00000068   Code   RO         1284    i.UART_SetTransmitter  uart.o
    0x0000345c   0x00000098   Code   RO          442    i.WriteToFlash      debug.o
    0x000034f4   0x0000001c   Code   RO          874    i.__ARM_common_switch8  sx1276_qh.o
    0x00003510   0x00000090   Code   RO          265    i.bufAddDat         buff.o
    0x000035a0   0x0000001c   Code   RO          266    i.bufClear          buff.o
    0x000035bc   0x0000001c   Code   RO          893    i.delay_ms          driver_common.o
    0x000035d8   0x0000001c   Code   RO          894    i.delay_us          driver_common.o
    0x000035f4   0x00000012   Code   RO         1285    i.fputc             uart.o
    0x00003606   0x00000002   PAD
    0x00003608   0x000000b8   Code   RO         1097    i.i2c_init          i2c.o
    0x000036c0   0x00000028   Code   RO            8    i.main              main.o
    0x000036e8   0x00000018   Code   RO          376    i.memcpy1           utilities.o
    0x00003700   0x0000001c   Code   RO            9    i.prepareCMDToRelay  main.o
    0x0000371c   0x0000008c   Code   RO         1211    i.processTimer      timer.o
    0x000037a8   0x0000003e   Code   RO          380    i.random_number     utilities.o
    0x000037e6   0x00000002   PAD
    0x000037e8   0x000000b0   Code   RO          443    i.resetNbCMDInFlash  debug.o
    0x00003898   0x00000038   Code   RO           10    i.sendCMDToRelay    main.o
    0x000038d0   0x0000014c   Code   RO          444    i.sendDataToPC      debug.o
    0x00003a1c   0x0000000e   Code   RO          445    i.sendNbCMDToPC     debug.o
    0x00003a2a   0x00000000   Code   RO         1639    x$fpl$usenofp       fz_ps.l(usenofp.o)
    0x00003a2a   0x00000002   PAD
    0x00003a2c   0x0000008c   Data   RO          895    .constdata          driver_common.o
    0x00003ab8   0x00000020   Data   RO         1098    .constdata          i2c.o
    0x00003ad8   0x00000028   Data   RO         1287    .constdata          uart.o
    0x00003b00   0x00000080   Data   RO         1574    .constdata          fz_ps.l(ddiv.o)
    0x00003b80   0x00000020   Data   RO         1763    Region$$Table       anon$$obj.o


    Execution Region RW_IRAM1 (Base: 0x1ffffc00, Size: 0x00000ac0, Max: 0x00001000, ABSOLUTE)

    Base Addr    Size         Type   Attr      Idx    E Section Name        Object

    0x1ffffc00   0x00000001   Data   RW           13    .data               main.o
    0x1ffffc01   0x00000003   PAD
    0x1ffffc04   0x0000000b   Data   RW          325    .data               csma.o
    0x1ffffc0f   0x00000001   PAD
    0x1ffffc10   0x00000009   Data   RW          507    .data               loramac_qh.o
    0x1ffffc19   0x00000002   Data   RW         1018    .data               gpio.o
    0x1ffffc1b   0x00000001   Data   RW         1099    .data               i2c.o
    0x1ffffc1c   0x0000000c   Data   RW         1214    .data               timer.o
    0x1ffffc28   0x0000000c   Data   RW         1288    .data               uart.o
    0x1ffffc34   0x00000008   Data   RW         1496    .data               system_mkl16z4.o
    0x1ffffc3c   0x00000040   Zero   RW           11    .bss                main.o
    0x1ffffc7c   0x00000408   Zero   RW          182    .bss                board.o
    0x20000084   0x00000080   Zero   RW          323    .bss                csma.o
    0x20000104   0x000000ff   Zero   RW          505    .bss                loramac_qh.o
    0x20000203   0x00000001   PAD
    0x20000204   0x0000012c   Zero   RW          727    .bss                sx1276_qh.o
    0x20000330   0x00000140   Zero   RW         1212    .bss                timer.o
    0x20000470   0x0000000c   Zero   RW         1286    .bss                uart.o
    0x2000047c   0x000000e4   Zero   RW         1558    .bss                c_p.l(rand.o)
    0x20000560   0x00000060   Zero   RW         1691    .bss                c_p.l(libspace.o)
    0x200005c0   0x00000000   Zero   RW         1483    HEAP                startup_mkl16z4.o
    0x200005c0   0x00000100   Zero   RW         1482    STACK               startup_mkl16z4.o


==============================================================================

Image component sizes


      Code (inc. data)   RO Data    RW Data    ZI Data      Debug   Object Name

       468         82          0          0       1032      13818   board.o
       172          0          0          0          0       1083   buff.o
       408         64          0         11        128       4948   csma.o
       870        130          0          0          0       3823   debug.o
        56         12        140          0          0       2088   driver_common.o
       410         10          0          0          0       4250   flash.o
       706         92          0          2          0      13078   gpio.o
        50          0          0          0          0        584   gpio_board.o
       184         30         32          1          0       1531   i2c.o
      1092         82          0          9        255       7923   loramac_qh.o
       560         52          0          1         64     100662   main.o
       280         10          0          0          0       3466   spi_gpio.o
        68         38        192          0        256        904   startup_mkl16z4.o
      2822        114          0          0        300      14878   sx1276_qh.o
       456         52          0          8          0       1594   system_mkl16z4.o
       400         34          0         12        320       4042   timer.o
      1516        120         40         12         12      10655   uart.o
        86          0          0          0          0       1678   utilities.o

    ----------------------------------------------------------------------
     10624        922        436         60       2368     191005   Object Totals
         0          0         32          0          0          0   (incl. Generated)
        20          0          0          4          1          0   (incl. Padding)

    ----------------------------------------------------------------------

      Code (inc. data)   RO Data    RW Data    ZI Data      Debug   Library Member Name

         8          0          0          0          0         68   __main.o
       108          0          0          0          0         76   __printf.o
         0          0          0          0          0          0   __rtentry.o
        12          0          0          0          0          0   __rtentry2.o
         6          0          0          0          0          0   __rtentry4.o
        60          8          0          0          0          0   __scatter.o
        26          0          0          0          0          0   __scatter_copy.o
        28          0          0          0          0          0   __scatter_zi.o
        48          6          0          0          0         88   _printf_char_common.o
        40          6          0          0          0         72   _printf_char_file.o
        10          0          0          0          0          0   _printf_d.o
       108         18          0          0          0         76   _printf_dec.o
       176          0          0          0          0         84   _printf_intcommon.o
         2          0          0          0          0          0   _printf_percent.o
         4          0          0          0          0          0   _printf_percent_end.o
       346          0          0          0          0         92   aeabi_sdiv.o
        16          0          0          0          0         68   exit.o
         8          0          0          0          0         60   ferror.o
         6          0          0          0          0        136   heapauxi.o
         0          0          0          0          0          0   indicate_semi.o
         2          0          0          0          0          0   libinit.o
         6          0          0          0          0          0   libinit2.o
         2          0          0          0          0          0   libshutdown.o
         2          0          0          0          0          0   libshutdown2.o
         8          4          0          0         96         68   libspace.o
        28          6          0          0          0         84   noretval__2printf.o
       116         16          0          0        228        156   rand.o
        64          0          0          0          0        108   rt_memclr.o
         2          0          0          0          0          0   rtexit.o
        10          0          0          0          0          0   rtexit2.o
        40          0          0          0          0         60   rtudiv10.o
        12          4          0          0          0         60   sys_exit.o
        62          0          0          0          0         80   sys_stackheap_outer.o
         2          0          0          0          0         68   use_no_semi.o
       856         20          0          0          0        208   daddsub.o
      1096         26        128          0          0        112   ddiv.o
        72          4          0          0          0         68   dfixui.o
        88          0          0          0          0         92   dflti.o
       584         26          0          0          0         84   dmul.o
         0          0          0          0          0          0   usenofp.o

    ----------------------------------------------------------------------
      4076        144        128          0        324       2068   Library Totals
        12          0          0          0          0          0   (incl. Padding)

    ----------------------------------------------------------------------

      Code (inc. data)   RO Data    RW Data    ZI Data      Debug   Library Name

      1368         68          0          0        324       1504   c_p.l
      2696         76        128          0          0        564   fz_ps.l

    ----------------------------------------------------------------------
      4076        144        128          0        324       2068   Library Totals

    ----------------------------------------------------------------------

==============================================================================


      Code (inc. data)   RO Data    RW Data    ZI Data      Debug   

     14700       1066        564         60       2692     187333   Grand Totals
     14700       1066        564         60       2692     187333   ELF Image Totals
     14700       1066        564         60          0          0   ROM Totals

==============================================================================

    Total RO  Size (Code + RO Data)                15264 (  14.91kB)
    Total RW  Size (RW Data + ZI Data)              2752 (   2.69kB)
    Total ROM Size (Code + RO Data + RW Data)      15324 (  14.96kB)

==============================================================================

